Job is using 1 GPU(s) with ID(s) 0 and 8 CPU core(s)
torch cuade is available: True
[nltk_data] Downloading package wordnet to /mnt/iusers01/fse-
[nltk_data]     ugpgt01/compsci01/q12628ct/nltk_data...
[nltk_data]   Package wordnet is already up-to-date!
[nltk_data] Downloading package punkt_tab to /mnt/iusers01/fse-
[nltk_data]     ugpgt01/compsci01/q12628ct/nltk_data...
[nltk_data]   Package punkt_tab is already up-to-date!
[nltk_data] Downloading package omw-1.4 to /mnt/iusers01/fse-
[nltk_data]     ugpgt01/compsci01/q12628ct/nltk_data...
[nltk_data]   Package omw-1.4 is already up-to-date!
/mnt/iusers01/fse-ugpgt01/compsci01/q12628ct/.conda/envs/semantic-decoding/lib/python3.10/site-packages/huggingface_hub/file_download.py:945: FutureWarning: `resume_download` is deprecated and will be removed in version 1.0.0. Downloads always resume when possible. If you want to force a new download, use `force_download=True`.
  warnings.warn(
Some weights of the model checkpoint at roberta-large were not used when initializing RobertaModel: ['lm_head.layer_norm.weight', 'lm_head.dense.bias', 'lm_head.bias', 'lm_head.dense.weight', 'lm_head.layer_norm.bias']
- This IS expected if you are initializing RobertaModel from the checkpoint of a model trained on another task or with another architecture (e.g. initializing a BertForSequenceClassification model from a BertForPreTraining model).
- This IS NOT expected if you are initializing RobertaModel from the checkpoint of a model that you expect to be exactly identical (initializing a BertForSequenceClassification model from a BertForSequenceClassification model).
Some weights of RobertaModel were not initialized from the model checkpoint at roberta-large and are newly initialized: ['roberta.pooler.dense.weight', 'roberta.pooler.dense.bias']
You should probably TRAIN this model on a down-stream task to be able to use it for predictions and inference.
attend-F
WER
[-0.21089637 -0.2155715  -0.22051448 -0.23136464 -0.22859544 -0.22296171
 -0.22528099 -0.21850199 -0.22714146 -0.22339285 -0.23396048 -0.22157726
 -0.20388433 -0.22073301 -0.22079425 -0.2176954  -0.22613646 -0.22695956
 -0.21920764 -0.21456869 -0.23253732 -0.22710734 -0.23255748 -0.21526703
 -0.21341643 -0.22595809 -0.23019212 -0.22140151 -0.21888227 -0.20899539
 -0.22757192 -0.22643252 -0.22259098 -0.21976803 -0.21629587 -0.22882185
 -0.21482596 -0.22152082 -0.22212431 -0.22183644 -0.22781725 -0.22533049
 -0.2207933  -0.21368203 -0.23274095 -0.22015888 -0.23199706 -0.21800322
 -0.21148673 -0.21674442 -0.21763041 -0.21237395 -0.2191903  -0.2177874
 -0.22825537 -0.2176732  -0.22042018 -0.22602471 -0.22806649 -0.22247306
 -0.21111196 -0.2330613  -0.21971635 -0.2295307  -0.23201461 -0.22499847
 -0.21635095 -0.22762526 -0.22655916 -0.22665725 -0.22490398 -0.21249155
 -0.22607786 -0.21453993 -0.2235985  -0.21747018 -0.23074437 -0.22871544
 -0.21122991 -0.22127228 -0.2277142  -0.2185371  -0.22610803 -0.22394051
 -0.21401377 -0.21828351 -0.21623649 -0.22480844 -0.22213329 -0.23144809
 -0.23178955 -0.2232533  -0.22409065 -0.22252152 -0.22398403 -0.23010362
 -0.21561716 -0.22605024 -0.22503858 -0.22065066 -0.21672299 -0.21969686
 -0.20582116 -0.2364016  -0.22116044 -0.22258974 -0.21735601 -0.2168313
 -0.22134322 -0.21561478 -0.23077286 -0.21482516 -0.22045475 -0.21546715
 -0.21788987 -0.23011288 -0.22092955 -0.22338547 -0.22728024 -0.21224424
 -0.22634877 -0.21386865 -0.23144761 -0.22750337 -0.21909122 -0.21866156
 -0.22591673 -0.2220131  -0.21019804 -0.2192739  -0.22031631 -0.21121342
 -0.22686426 -0.21375401 -0.23506396 -0.21509707 -0.22379676 -0.22074291
 -0.22419164 -0.21753128 -0.221448   -0.22689262 -0.20474323 -0.221705
 -0.22152429 -0.21756497 -0.22179428 -0.21110099 -0.22222733 -0.23064431
 -0.22458046 -0.22570575 -0.21337805 -0.22182013 -0.22613461 -0.22332516
 -0.20900619 -0.2164336  -0.22944675 -0.21680113 -0.22449846 -0.2286047
 -0.22461856 -0.22041487 -0.21856177 -0.21830496 -0.21907083 -0.22055456
 -0.22123002 -0.22054416 -0.22398423 -0.23064352 -0.21180051 -0.2316578
 -0.21681997 -0.22459496 -0.22353744 -0.21279246 -0.21522297 -0.20544907
 -0.22609002 -0.20154477 -0.22624239 -0.20311699 -0.22404507 -0.22020577
 -0.22158324 -0.22545298 -0.21372416 -0.21020062 -0.2253015  -0.21532904
 -0.22384508 -0.21863424 -0.22588159 -0.2132835  -0.21708133 -0.21387422
 -0.22365932 -0.21324895]
attend-F
BLEU
[0.19508154 0.18678559 0.18444051 0.15745697 0.17816655 0.16827656
 0.17567916 0.18451504 0.17006873 0.1823502  0.15341219 0.16490579
 0.20409335 0.18864536 0.19150979 0.17865045 0.16797452 0.17359899
 0.17494562 0.18758591 0.17212271 0.16550207 0.16799987 0.18057134
 0.18877894 0.17279419 0.16936637 0.18568008 0.16430764 0.18722226
 0.16692925 0.17102119 0.17660489 0.18506225 0.20518386 0.17360216
 0.1809784  0.17478569 0.17859919 0.18415955 0.17854427 0.1875092
 0.17808219 0.17742824 0.16721742 0.17168646 0.15999191 0.17778418
 0.19694665 0.18492865 0.18340897 0.17759589 0.18526906 0.17848275
 0.1791491  0.19529941 0.17593808 0.17782598 0.16176311 0.17984005
 0.20120999 0.16028866 0.17899145 0.17120696 0.16533079 0.19400614
 0.18269216 0.16920703 0.16483235 0.17174981 0.17514781 0.20451505
 0.16865295 0.1946648  0.1780332  0.183078   0.16861554 0.16610115
 0.19612835 0.17260455 0.15505851 0.18649229 0.18789074 0.17946332
 0.18864423 0.19067499 0.18701852 0.18924652 0.18059999 0.17293591
 0.16354373 0.18903551 0.17433125 0.17784416 0.17123791 0.16697691
 0.17724551 0.17284785 0.16158926 0.17536723 0.19713809 0.18539592
 0.20099552 0.15257719 0.16991061 0.17856685 0.16911153 0.19231478
 0.17810763 0.19271418 0.18944374 0.19072263 0.1680286  0.18599785
 0.18207165 0.15679979 0.18322392 0.17875882 0.1636301  0.20007356
 0.17366144 0.1872786  0.16459173 0.16480728 0.1887502  0.19937424
 0.17584151 0.17238013 0.19299806 0.17668668 0.17633473 0.18706201
 0.18119984 0.20286852 0.16786101 0.18114352 0.16976378 0.17109012
 0.17708934 0.17972336 0.17152029 0.16425247 0.19859773 0.18534542
 0.18494667 0.18190038 0.17562001 0.18538242 0.16317412 0.17501575
 0.15569573 0.17189083 0.19492647 0.16575175 0.16599207 0.1766333
 0.20388561 0.1836945  0.16199384 0.18175908 0.16464644 0.17683986
 0.18807949 0.18606265 0.18497348 0.18451155 0.19045854 0.19223371
 0.177513   0.17991061 0.16915171 0.17394727 0.16856645 0.17759854
 0.1820784  0.20220957 0.18472205 0.18806704 0.18346266 0.18902456
 0.15824806 0.20031753 0.16614782 0.19837079 0.1827746  0.19119459
 0.16947638 0.17631413 0.18590522 0.19444903 0.17278763 0.19026957
 0.17182228 0.1798899  0.15814245 0.20472489 0.1795885  0.19584165
 0.18336519 0.19310025]
attend-F
METEOR
[0.14240415 0.14514871 0.1415136  0.12058023 0.13137515 0.12494012
 0.13088367 0.13862346 0.12834317 0.13633462 0.11643845 0.13381299
 0.16311303 0.13949471 0.14210797 0.1396328  0.12807787 0.13686014
 0.1307121  0.14392238 0.13457024 0.12541672 0.1281228  0.13704484
 0.14230779 0.1313616  0.12834227 0.13652711 0.12343977 0.14804871
 0.13694944 0.13022208 0.13102485 0.13832018 0.15227116 0.13527022
 0.14195762 0.13386393 0.13465851 0.13490141 0.1321157  0.13898847
 0.13896695 0.13109871 0.12746225 0.12382908 0.12770398 0.13555063
 0.15019529 0.13597204 0.14342236 0.13519469 0.14437245 0.13375005
 0.13293283 0.14874676 0.13718451 0.1358828  0.12820469 0.14049916
 0.14727086 0.12546391 0.13753779 0.12696458 0.13168538 0.14212813
 0.13911542 0.13628184 0.1304437  0.12978669 0.13064089 0.15025952
 0.13266785 0.14985358 0.13842305 0.14486867 0.12839769 0.12679332
 0.14431584 0.13930185 0.11885967 0.13842675 0.14103053 0.13141473
 0.13956636 0.14112472 0.14223183 0.14340885 0.13831422 0.13057254
 0.12844233 0.14175011 0.14060571 0.13678302 0.13486083 0.13065281
 0.13329097 0.13695984 0.12072972 0.13541169 0.14541493 0.14524119
 0.15056436 0.1172462  0.13370615 0.13824122 0.13147231 0.14228223
 0.13015583 0.14399458 0.14523411 0.14754695 0.13282051 0.15174595
 0.1445587  0.1292649  0.13846951 0.13149148 0.12094061 0.14990236
 0.13048798 0.14941498 0.12854922 0.12784734 0.14379177 0.14593839
 0.13559324 0.12968876 0.1430957  0.13794799 0.13264994 0.14721125
 0.14201223 0.15484844 0.12728892 0.13693613 0.13048173 0.12979567
 0.13570359 0.13550874 0.13133279 0.12542773 0.15765258 0.1366531
 0.13657692 0.14253968 0.13135051 0.13916113 0.12617316 0.12225484
 0.12255064 0.12680583 0.15685512 0.13176756 0.12921809 0.13822786
 0.1571403  0.14191777 0.12700379 0.14106384 0.12235657 0.13147766
 0.14273999 0.13941258 0.13955005 0.14063868 0.14460993 0.14922815
 0.13891078 0.13956784 0.13035347 0.1282081  0.13142209 0.14255087
 0.13507318 0.15029445 0.13949079 0.14984132 0.14258592 0.14906593
 0.12813579 0.15440307 0.12930755 0.14865034 0.13928219 0.14060099
 0.12727957 0.13289812 0.14201749 0.15069702 0.13388189 0.14808694
 0.12611471 0.1388772  0.12473465 0.15097053 0.13918721 0.15322255
 0.13503261 0.14234835]
attend-F
BERT
[0.7902474  0.7899976  0.7875876  0.7898157  0.7886808  0.78944314
 0.78828967 0.7893174  0.78861094 0.7912785  0.78722066 0.78597295
 0.78971744 0.78866005 0.78796357 0.78710544 0.7892959  0.787432
 0.7873567  0.78881097 0.7871387  0.78947014 0.7863657  0.7888678
 0.7908386  0.78664243 0.7891954  0.7878482  0.7883451  0.78925693
 0.7880632  0.7903053  0.78845245 0.788626   0.79087067 0.78984797
 0.78844374 0.78747845 0.7906909  0.78683114 0.789774   0.7903356
 0.78961456 0.78892446 0.78885293 0.7876338  0.7866894  0.7882984
 0.79059446 0.78944594 0.7883383  0.78908634 0.7906109  0.7871856
 0.79163194 0.7890836  0.78698695 0.78708935 0.7873878  0.78884363
 0.7901783  0.78812045 0.78700566 0.7882726  0.78653944 0.79032844
 0.78811705 0.7897155  0.7855663  0.7877263  0.7867126  0.7913188
 0.78923875 0.78831136 0.7888841  0.7878306  0.78735095 0.7872799
 0.788839   0.7897046  0.7864699  0.78978926 0.78953654 0.7882092
 0.7898545  0.79075944 0.789564   0.78967786 0.78743994 0.78799427
 0.7879736  0.79004467 0.78878796 0.78900236 0.7889819  0.7875383
 0.78584856 0.78935075 0.7876818  0.7873515  0.7905205  0.7900376
 0.7899601  0.788453   0.79025716 0.7891157  0.78847176 0.7896833
 0.7869232  0.7892033  0.78845894 0.789752   0.78713125 0.7906974
 0.78883713 0.7876802  0.79112977 0.7892397  0.7879916  0.7855487
 0.7894027  0.7904195  0.78762484 0.78877914 0.7904871  0.78808546
 0.7874538  0.7870874  0.78828496 0.7893096  0.7879599  0.7902576
 0.7884957  0.7891936  0.7872073  0.78958815 0.78654677 0.7858001
 0.7901785  0.7896227  0.7856535  0.7867529  0.78881544 0.7882356
 0.7890131  0.7892832  0.79039425 0.79060405 0.7881435  0.7895024
 0.7876858  0.7881795  0.7904842  0.78727275 0.7865547  0.78774446
 0.7911285  0.7887745  0.7876842  0.7892837  0.787365   0.78847045
 0.78852916 0.78962624 0.788505   0.78893715 0.79104537 0.78973556
 0.78933394 0.79063636 0.78765976 0.78797716 0.7867526  0.7917216
 0.7899592  0.7897811  0.7899042  0.7900838  0.78805244 0.7906697
 0.7878207  0.7890323  0.7859463  0.7877997  0.7889098  0.78852695
 0.78876495 0.78737134 0.7883642  0.7894411  0.7871496  0.78929716
 0.78740376 0.7897945  0.78687775 0.79134876 0.7899466  0.7910314
 0.7893141  0.79028535]
[nltk_data] Downloading package wordnet to /mnt/iusers01/fse-
[nltk_data]     ugpgt01/compsci01/q12628ct/nltk_data...
[nltk_data]   Package wordnet is already up-to-date!
[nltk_data] Downloading package punkt_tab to /mnt/iusers01/fse-
[nltk_data]     ugpgt01/compsci01/q12628ct/nltk_data...
[nltk_data]   Package punkt_tab is already up-to-date!
[nltk_data] Downloading package omw-1.4 to /mnt/iusers01/fse-
[nltk_data]     ugpgt01/compsci01/q12628ct/nltk_data...
[nltk_data]   Package omw-1.4 is already up-to-date!
/mnt/iusers01/fse-ugpgt01/compsci01/q12628ct/.conda/envs/semantic-decoding/lib/python3.10/site-packages/huggingface_hub/file_download.py:945: FutureWarning: `resume_download` is deprecated and will be removed in version 1.0.0. Downloads always resume when possible. If you want to force a new download, use `force_download=True`.
  warnings.warn(
Some weights of the model checkpoint at roberta-large were not used when initializing RobertaModel: ['lm_head.dense.weight', 'lm_head.dense.bias', 'lm_head.bias', 'lm_head.layer_norm.bias', 'lm_head.layer_norm.weight']
- This IS expected if you are initializing RobertaModel from the checkpoint of a model trained on another task or with another architecture (e.g. initializing a BertForSequenceClassification model from a BertForPreTraining model).
- This IS NOT expected if you are initializing RobertaModel from the checkpoint of a model that you expect to be exactly identical (initializing a BertForSequenceClassification model from a BertForSequenceClassification model).
Some weights of RobertaModel were not initialized from the model checkpoint at roberta-large and are newly initialized: ['roberta.pooler.dense.bias', 'roberta.pooler.dense.weight']
You should probably TRAIN this model on a down-stream task to be able to use it for predictions and inference.
attend-M
WER
[0.0422018  0.03880188 0.04555935 0.03997787 0.04213772 0.04808624
 0.04482517 0.0407753  0.04527393 0.05273006 0.04381182 0.04851654
 0.04383972 0.04003208 0.04595692 0.05095765 0.04434509 0.04214663
 0.04652479 0.04644449 0.04570081 0.0497341  0.04570308 0.05175829
 0.0461057  0.04059843 0.05354235 0.04563204 0.04032599 0.04155334
 0.04615055 0.04571696 0.05141862 0.04971738 0.04241208 0.04251151
 0.04344851 0.03909748 0.04540698 0.04604839 0.04402062 0.03861598
 0.04140598 0.0511177  0.04443655 0.03884962 0.04630284 0.03875824
 0.04131474 0.05599985 0.04962239 0.04470378 0.04507584 0.04848868
 0.04540758 0.04557832 0.04607912 0.05038645 0.04332282 0.04057904
 0.05108182 0.05810483 0.04365649 0.04732911 0.04653876 0.05221275
 0.04111216 0.04283284 0.04329488 0.03803995 0.05260495 0.03954288
 0.04750205 0.04460725 0.04157053 0.04804901 0.04671587 0.04822057
 0.04618477 0.0501765  0.04463439 0.04278938 0.04827752 0.05284754
 0.0399166  0.0477368  0.04388455 0.04861914 0.04429273 0.0405384
 0.04594764 0.04678284 0.04824821 0.04858351 0.04038819 0.04362414
 0.05166611 0.04707326 0.04676859 0.04464374 0.0468541  0.04493881
 0.04634575 0.04799636 0.04164787 0.04953215 0.04659404 0.05185882
 0.06009965 0.04661395 0.04696806 0.04688338 0.05789643 0.03882492
 0.04474185 0.04178564 0.04714333 0.04503385 0.04639171 0.04369908
 0.0494818  0.04578274 0.04559584 0.04748723 0.04505358 0.04427101
 0.04394977 0.04252104 0.05230785 0.0397508  0.04202918 0.04829873
 0.04087228 0.05214006 0.04607098 0.04889587 0.05101895 0.04572005
 0.05450679 0.0513737  0.04625624 0.04681059 0.04351884 0.04856069
 0.0482968  0.04886587 0.04668281 0.045906   0.04253639 0.04312814
 0.04722282 0.04416376 0.0429318  0.04238439 0.04760292 0.04921796
 0.04023824 0.03958259 0.0497979  0.04926467 0.03690706 0.04250342
 0.04824039 0.04439757 0.04714495 0.0488162  0.04273751 0.04476107
 0.03601492 0.04233859 0.0384093  0.04543553 0.04790911 0.04580643
 0.04387198 0.04239456 0.04751582 0.04211987 0.04800434 0.04248909
 0.04406798 0.05111816 0.03960112 0.04293967 0.04258546 0.04969623
 0.04656744 0.04795125 0.04743673 0.04104414 0.04686996 0.03900164
 0.05062862 0.04686427 0.04100207 0.04626147 0.0488469  0.04997741
 0.04159339 0.04887455]
attend-M
BLEU
[0.18043952 0.18150456 0.19925326 0.16749152 0.18135044 0.19011418
 0.20055546 0.17537982 0.18564435 0.20991374 0.1822305  0.20141626
 0.19905241 0.19222433 0.1972328  0.2073475  0.1917057  0.18325386
 0.1938789  0.19286475 0.20376748 0.18441232 0.20184366 0.20122318
 0.2005881  0.17840963 0.21402695 0.19494894 0.19022278 0.1839506
 0.18493278 0.18883265 0.19297233 0.20087502 0.18767593 0.19510324
 0.19395126 0.18879492 0.1942678  0.19065664 0.19452853 0.19195563
 0.18439109 0.19927084 0.18932745 0.19359397 0.18600998 0.18804741
 0.19451943 0.20424564 0.20171846 0.18853474 0.18581243 0.20585488
 0.19740649 0.18626374 0.18978856 0.19189498 0.178038   0.18874473
 0.195482   0.20930623 0.17765501 0.19407502 0.1876337  0.19024579
 0.1868221  0.18970844 0.18985178 0.18654952 0.19555527 0.17776124
 0.19241135 0.20229483 0.18589096 0.19267921 0.19045988 0.20330886
 0.19696816 0.20331135 0.1779827  0.18156907 0.1988139  0.19454294
 0.18157909 0.17229776 0.19165186 0.18247536 0.18646184 0.17951023
 0.19211757 0.18792321 0.18756327 0.18976699 0.16942789 0.18880217
 0.18595347 0.1953505  0.20144976 0.19069755 0.19440577 0.18767189
 0.19659364 0.19720972 0.18365653 0.19438625 0.19225836 0.20962367
 0.21600438 0.19407815 0.19600611 0.17971578 0.20737706 0.18639289
 0.19586216 0.19805191 0.19157796 0.18765874 0.20580791 0.18301204
 0.18615911 0.20222025 0.18701322 0.19900083 0.20381518 0.19059427
 0.17563269 0.18891487 0.18521237 0.18021399 0.1820454  0.19365642
 0.1964534  0.19332229 0.19106515 0.18993059 0.19992625 0.17840654
 0.20712276 0.18800828 0.1905942  0.19970954 0.19132799 0.18932166
 0.18463836 0.20404109 0.20347492 0.19159942 0.17917016 0.18247786
 0.18821935 0.19142786 0.19605934 0.20349261 0.19710737 0.1964013
 0.18214223 0.20363437 0.20135966 0.18741597 0.18029868 0.19331455
 0.19900578 0.17275839 0.19731346 0.19956432 0.19325621 0.18678459
 0.18400367 0.19136178 0.18489256 0.18936698 0.19313669 0.18508539
 0.17921918 0.19098931 0.19818025 0.19290647 0.18799835 0.1893325
 0.19104292 0.19369662 0.18446954 0.18218464 0.18582069 0.18789579
 0.1846499  0.17892578 0.20041532 0.19725353 0.20589985 0.1806862
 0.19209559 0.20713769 0.18778801 0.19186248 0.2000161  0.19838261
 0.19612774 0.18674675]
attend-M
METEOR
[0.12490104 0.12639815 0.13614972 0.1283643  0.13496366 0.139699
 0.13408881 0.1293371  0.13176742 0.146368   0.12678995 0.13929259
 0.13388027 0.13650837 0.13915936 0.14391611 0.13170363 0.13029465
 0.13715849 0.13535504 0.14756891 0.13038903 0.14035397 0.14554981
 0.13952748 0.13296324 0.14940698 0.13365067 0.13109376 0.12886266
 0.13232872 0.13986857 0.13245759 0.14097545 0.13723946 0.13933683
 0.13811811 0.13428181 0.13754134 0.13870326 0.13961241 0.1342563
 0.13350102 0.13776975 0.13067745 0.14216029 0.13086095 0.13486662
 0.14207447 0.13901387 0.13932176 0.13745695 0.13497462 0.14436039
 0.13342062 0.13105164 0.13195845 0.13532682 0.12591953 0.13702344
 0.13764645 0.14032869 0.12569976 0.13983941 0.13276782 0.13352424
 0.12475915 0.13843507 0.13543521 0.12273969 0.13938497 0.12672102
 0.14161471 0.14744192 0.13851552 0.14005349 0.13108795 0.14581807
 0.14567104 0.14698938 0.12859045 0.13024636 0.14084926 0.14129042
 0.12638677 0.1316766  0.13291621 0.13295276 0.13625207 0.13139431
 0.13658646 0.13531234 0.1339031  0.13337254 0.1281103  0.13966122
 0.13006952 0.1363218  0.14217197 0.13161148 0.13589937 0.13065848
 0.136127   0.1403559  0.1317648  0.13700427 0.13380817 0.14835614
 0.148952   0.14063217 0.1376226  0.13224683 0.14696927 0.13634465
 0.13839652 0.14349516 0.13373082 0.13760962 0.14353511 0.13356906
 0.12708972 0.14328939 0.12991503 0.14666407 0.13687854 0.13449688
 0.12817138 0.13490486 0.13549404 0.1282351  0.12657773 0.13720244
 0.13599591 0.13812903 0.13591601 0.13470413 0.13529734 0.13227679
 0.14365429 0.13680033 0.13365854 0.14351777 0.13736549 0.14183392
 0.13442403 0.14087284 0.14142592 0.13387058 0.13259192 0.13114106
 0.13340501 0.13657895 0.13876825 0.14000076 0.14157859 0.13804212
 0.13065157 0.14284601 0.14343224 0.13906241 0.1360521  0.13959988
 0.14166497 0.12641757 0.14176806 0.14506874 0.14002294 0.13810509
 0.12626994 0.13468219 0.13107633 0.13373499 0.13835576 0.13532176
 0.12772452 0.13420315 0.1422807  0.13663883 0.13727407 0.13421918
 0.13717412 0.13700964 0.12559164 0.13178664 0.13282193 0.13677357
 0.13463021 0.12495083 0.14698478 0.14181683 0.14273047 0.13405304
 0.1383754  0.13618264 0.13540382 0.14039928 0.14572019 0.14490549
 0.13540655 0.13300113]
attend-M
BERT
[0.7853197  0.7856864  0.7888622  0.78678316 0.7881042  0.7901952
 0.7881575  0.7854083  0.78776497 0.7896822  0.78810656 0.7909591
 0.7886699  0.78801495 0.78804624 0.79090244 0.7871974  0.78502345
 0.789767   0.78830385 0.7916647  0.7872977  0.7900586  0.7909441
 0.7891548  0.7886291  0.7919912  0.7884286  0.7888333  0.7870176
 0.7912068  0.7863801  0.78903466 0.7887978  0.7885094  0.79169285
 0.78744936 0.78799665 0.7894214  0.78823704 0.79133624 0.7897131
 0.7866998  0.78773135 0.7883742  0.78765345 0.78935564 0.79123425
 0.7870313  0.7881866  0.79009396 0.7859006  0.7887064  0.79291457
 0.7886873  0.7868118  0.78737223 0.79049623 0.786466   0.7893327
 0.7886575  0.7899294  0.7868643  0.78952223 0.7886888  0.78975266
 0.78660804 0.78897935 0.7904415  0.78710324 0.78989    0.78763556
 0.78701746 0.79145765 0.7898769  0.78849834 0.7873596  0.7913838
 0.79025733 0.7897828  0.78909105 0.79020214 0.7887761  0.78807867
 0.78684455 0.787912   0.7897051  0.7895646  0.78903484 0.7908753
 0.7871179  0.7892546  0.79078287 0.78867996 0.78515255 0.78799975
 0.78896457 0.78894687 0.78936094 0.7902876  0.78911716 0.78937066
 0.79002124 0.788717   0.78836685 0.78894305 0.78790146 0.790461
 0.7891672  0.7889944  0.7883558  0.7879478  0.7875839  0.78711236
 0.7899542  0.789224   0.78935325 0.7871678  0.79193646 0.78908694
 0.7890074  0.78773326 0.7882416  0.790189   0.7876035  0.7865656
 0.78839684 0.7907274  0.78829193 0.78959996 0.78758264 0.78593147
 0.78974074 0.7906961  0.787306   0.7867634  0.7898155  0.7858221
 0.7884274  0.79092497 0.78975624 0.7881087  0.7907181  0.7873409
 0.7863125  0.79075736 0.7912471  0.7915635  0.78697914 0.78836596
 0.79081684 0.78638554 0.78780794 0.78597    0.7916949  0.78897834
 0.78811115 0.7870621  0.7899913  0.79       0.7872592  0.78873825
 0.7912682  0.78684354 0.7886104  0.7873836  0.7893237  0.78806984
 0.7860263  0.78930444 0.7877478  0.7898859  0.7891176  0.78523076
 0.7879237  0.78832966 0.78805155 0.7893011  0.7897542  0.7907598
 0.78813905 0.78841203 0.78631186 0.78736496 0.7884221  0.7903564
 0.7893948  0.78740346 0.79050314 0.7903678  0.7907847  0.7884275
 0.7894048  0.788069   0.78817326 0.78858674 0.78919494 0.78939754
 0.7892595  0.788069  ]
[nltk_data] Downloading package wordnet to /mnt/iusers01/fse-
[nltk_data]     ugpgt01/compsci01/q12628ct/nltk_data...
[nltk_data]   Package wordnet is already up-to-date!
[nltk_data] Downloading package punkt_tab to /mnt/iusers01/fse-
[nltk_data]     ugpgt01/compsci01/q12628ct/nltk_data...
[nltk_data]   Package punkt_tab is already up-to-date!
[nltk_data] Downloading package omw-1.4 to /mnt/iusers01/fse-
[nltk_data]     ugpgt01/compsci01/q12628ct/nltk_data...
[nltk_data]   Package omw-1.4 is already up-to-date!
/mnt/iusers01/fse-ugpgt01/compsci01/q12628ct/.conda/envs/semantic-decoding/lib/python3.10/site-packages/huggingface_hub/file_download.py:945: FutureWarning: `resume_download` is deprecated and will be removed in version 1.0.0. Downloads always resume when possible. If you want to force a new download, use `force_download=True`.
  warnings.warn(
Some weights of the model checkpoint at roberta-large were not used when initializing RobertaModel: ['lm_head.layer_norm.bias', 'lm_head.dense.weight', 'lm_head.dense.bias', 'lm_head.layer_norm.weight', 'lm_head.bias']
- This IS expected if you are initializing RobertaModel from the checkpoint of a model trained on another task or with another architecture (e.g. initializing a BertForSequenceClassification model from a BertForPreTraining model).
- This IS NOT expected if you are initializing RobertaModel from the checkpoint of a model that you expect to be exactly identical (initializing a BertForSequenceClassification model from a BertForSequenceClassification model).
Some weights of RobertaModel were not initialized from the model checkpoint at roberta-large and are newly initialized: ['roberta.pooler.dense.bias', 'roberta.pooler.dense.weight']
You should probably TRAIN this model on a down-stream task to be able to use it for predictions and inference.
attend-F
WER
[-0.20886997 -0.21032236 -0.21629101 -0.20774204 -0.19835165 -0.2083626
 -0.21351294 -0.21996532 -0.21352859 -0.21328994 -0.20346892 -0.22080976
 -0.20609246 -0.20683923 -0.22169413 -0.20388866 -0.20959419 -0.21244416
 -0.2078649  -0.20654369 -0.21558171 -0.21249492 -0.20445522 -0.21921785
 -0.20608863 -0.20082106 -0.20782496 -0.21835458 -0.21603285 -0.20165016
 -0.20284057 -0.20574158 -0.20758433 -0.20941965 -0.20353035 -0.21495868
 -0.21545033 -0.22161138 -0.21881776 -0.20688594 -0.21034965 -0.21925541
 -0.21123955 -0.20581075 -0.20608861 -0.20803513 -0.21059226 -0.21623084
 -0.21667436 -0.21207924 -0.21816213 -0.19963883 -0.21870152 -0.20837435
 -0.21257572 -0.20899196 -0.21238159 -0.20865821 -0.21430372 -0.20020032
 -0.20469827 -0.21369583 -0.20874728 -0.20073174 -0.21522047 -0.20740223
 -0.2029274  -0.20872202 -0.21641407 -0.20807799 -0.20417989 -0.2076069
 -0.20780179 -0.21427674 -0.21804848 -0.20464038 -0.21452039 -0.20603875
 -0.21335805 -0.21076293 -0.2093905  -0.2130805  -0.20397299 -0.20248903
 -0.2027902  -0.21005056 -0.20783394 -0.22301311 -0.21248677 -0.21301431
 -0.21210233 -0.21496409 -0.21864533 -0.19602126 -0.2116577  -0.20481347
 -0.21114716 -0.20950015 -0.21165031 -0.2027324  -0.21954504 -0.21017309
 -0.22842558 -0.21800547 -0.21804216 -0.20065718 -0.21005971 -0.21530567
 -0.20478736 -0.20455836 -0.21113257 -0.20948358 -0.19939079 -0.21437743
 -0.21184108 -0.20361013 -0.20235609 -0.21394859 -0.21230866 -0.20232846
 -0.20349207 -0.20291766 -0.21516214 -0.20629096 -0.20066735 -0.21499752
 -0.21583545 -0.20485582 -0.2062828  -0.20488075 -0.20018565 -0.22409278
 -0.21047631 -0.21964811 -0.20717304 -0.19618097 -0.20649742 -0.21258821
 -0.20771026 -0.2095872  -0.20720764 -0.20944813 -0.21157177 -0.20195341
 -0.20664842 -0.21818802 -0.20660895 -0.21405796 -0.2104178  -0.20863397
 -0.20796282 -0.20498997 -0.21940145 -0.20606544 -0.20134195 -0.21804571
 -0.20575418 -0.21496093 -0.21230068 -0.20851434 -0.21805989 -0.20630084
 -0.20466931 -0.19956664 -0.21040867 -0.21262428 -0.19935838 -0.20500165
 -0.21732009 -0.21123693 -0.19704244 -0.20044506 -0.2065285  -0.21558912
 -0.21141513 -0.2071513  -0.21146693 -0.20442988 -0.21183137 -0.21055771
 -0.20140243 -0.20568865 -0.2074905  -0.20121825 -0.21066415 -0.21065072
 -0.20766053 -0.2194032  -0.21696136 -0.2095181  -0.21273735 -0.22120601
 -0.21383484 -0.20384054 -0.2176403  -0.21060228 -0.21219618 -0.20433007
 -0.21254627 -0.21461134]
attend-F
BLEU
[0.17708873 0.18604154 0.17292271 0.17048617 0.19791428 0.17626327
 0.18520117 0.16480842 0.16370862 0.18030895 0.17906277 0.16705916
 0.19070038 0.18117299 0.18262525 0.17674727 0.19671031 0.17690834
 0.17201205 0.18386267 0.17437428 0.17440085 0.19359532 0.1759931
 0.18565172 0.18049486 0.17848123 0.1819472  0.18198353 0.19681618
 0.19145599 0.19055864 0.17649483 0.18568229 0.16500763 0.16672779
 0.16929033 0.1687461  0.15965648 0.17958354 0.17811619 0.1620975
 0.18863428 0.18491699 0.17887941 0.1772598  0.18297109 0.17576158
 0.18186005 0.17690778 0.16765634 0.1885724  0.1582139  0.16318943
 0.18551813 0.17515621 0.16660556 0.17640252 0.17396821 0.17864632
 0.18895179 0.17980012 0.18234155 0.18687724 0.18606649 0.19172594
 0.1860826  0.1809793  0.17369993 0.1894564  0.18343234 0.1778771
 0.19577972 0.16824155 0.17311688 0.18418894 0.16742789 0.18590589
 0.17148526 0.18801823 0.17658372 0.17681177 0.18323869 0.1948115
 0.1790509  0.17864978 0.17547599 0.1684509  0.17845982 0.17905121
 0.18363915 0.18254658 0.17049482 0.18218622 0.16976468 0.18404817
 0.1746259  0.18830243 0.17147736 0.1889398  0.16396825 0.16829297
 0.14946277 0.17104578 0.17049949 0.18082208 0.18025358 0.18268138
 0.18635439 0.199307   0.17613017 0.18188418 0.20104129 0.18100614
 0.1859219  0.20179366 0.18361682 0.17831855 0.18766156 0.17991833
 0.19172143 0.20266705 0.17665217 0.18578295 0.18779553 0.17263893
 0.1650364  0.18505248 0.19016692 0.17029188 0.19396722 0.1718394
 0.19374004 0.16792009 0.19167748 0.188103   0.17547087 0.17049876
 0.18737087 0.18015256 0.19150483 0.181509   0.17649225 0.18724708
 0.18323681 0.16945765 0.17809169 0.17622305 0.18455738 0.18569123
 0.18245545 0.19146529 0.17749924 0.18150521 0.1995412  0.17230916
 0.17938843 0.1581006  0.19353614 0.17541846 0.166044   0.18361883
 0.17600058 0.17997261 0.17200025 0.16216441 0.2014405  0.18120104
 0.16331209 0.18376902 0.18848027 0.18890634 0.18683916 0.17323996
 0.17022498 0.17082562 0.18131098 0.17739446 0.18359887 0.17688238
 0.17337783 0.19203737 0.1865004  0.18831585 0.16544075 0.16721073
 0.18463954 0.1792971  0.170248   0.16596957 0.17440895 0.16815037
 0.18109018 0.1872121  0.17005986 0.1781588  0.17968136 0.18713919
 0.18258566 0.18435652]
attend-F
METEOR
[0.13306045 0.13697784 0.13373413 0.13367322 0.14753898 0.12939947
 0.13955041 0.12674521 0.12728738 0.13626771 0.12974717 0.12491087
 0.1375715  0.1372619  0.13754095 0.13500411 0.15283398 0.13784144
 0.13659657 0.1327457  0.13857474 0.13160313 0.14563403 0.13803493
 0.13941059 0.13777008 0.1388428  0.12833252 0.13533377 0.14752416
 0.14777615 0.14249531 0.13180521 0.13569367 0.13685438 0.12706583
 0.13747358 0.12992104 0.11793262 0.13212206 0.1308601  0.12691904
 0.14264645 0.14264954 0.13518944 0.12802658 0.1404466  0.13587685
 0.13459107 0.13243279 0.12935752 0.15223154 0.12305252 0.12408628
 0.14444075 0.13732619 0.12591027 0.13670218 0.1316077  0.13591225
 0.13588676 0.13897482 0.1355473  0.14551395 0.13516471 0.1426952
 0.13780707 0.13640504 0.1293309  0.14448327 0.1379814  0.13074336
 0.1444356  0.12627106 0.13005351 0.14205285 0.1332017  0.13787946
 0.13253041 0.13936884 0.13367535 0.13263627 0.14108853 0.14403068
 0.13264143 0.13308107 0.13364344 0.13011725 0.1440345  0.13129779
 0.13737396 0.13800189 0.12712828 0.14286704 0.12877964 0.13704828
 0.13606081 0.14524573 0.12871853 0.14182463 0.12284163 0.12849559
 0.11028397 0.12916963 0.13130676 0.13745503 0.13506492 0.13362412
 0.13907517 0.14953575 0.13532045 0.13336375 0.14906859 0.13663472
 0.14217447 0.15322484 0.1339889  0.13616637 0.13991284 0.13477316
 0.14699356 0.1576958  0.13909595 0.14536073 0.14320069 0.12937292
 0.12300083 0.13711871 0.14839712 0.12563547 0.14507244 0.13535129
 0.1447694  0.12955673 0.14560371 0.14042646 0.13090542 0.12720414
 0.13968467 0.1400211  0.14970047 0.13287617 0.1341885  0.1440471
 0.14452189 0.12678781 0.13288441 0.12989419 0.13567107 0.14403108
 0.13988592 0.14494632 0.13752589 0.13556252 0.13902688 0.12808508
 0.13390568 0.12322882 0.1438312  0.13079263 0.13069817 0.14297634
 0.13095474 0.13405033 0.13027581 0.12220469 0.14883098 0.1388092
 0.1240881  0.13477344 0.1418332  0.1397068  0.13836751 0.13443048
 0.12840213 0.13278493 0.13644395 0.13547721 0.13820963 0.13206236
 0.13210093 0.14153507 0.14350354 0.13773826 0.12281048 0.12213391
 0.1354232  0.13700606 0.12663847 0.12735496 0.13654914 0.12539698
 0.13058833 0.13949703 0.13300321 0.13655437 0.13406044 0.13859735
 0.13949994 0.13828959]
attend-F
BERT
[0.78886914 0.79083526 0.7876781  0.7889914  0.7891447  0.7897485
 0.7903658  0.78760743 0.78935903 0.78808016 0.78825635 0.7888324
 0.79037225 0.78993654 0.7878243  0.78938466 0.79130036 0.78697306
 0.78964776 0.78838694 0.7895261  0.78538215 0.79137087 0.786788
 0.78690153 0.7887833  0.78850424 0.7885855  0.78751975 0.79156053
 0.78825647 0.7872802  0.7891378  0.78913003 0.7886623  0.78899455
 0.78724647 0.78798026 0.78671175 0.7896668  0.7892191  0.78918785
 0.7891994  0.7893046  0.7897259  0.78946525 0.7903599  0.7886942
 0.79094684 0.7903419  0.78730583 0.7882544  0.7876419  0.7868538
 0.7902703  0.7894343  0.79015917 0.79119885 0.7882951  0.7898874
 0.78841573 0.78899544 0.7882286  0.78881377 0.7913922  0.7880319
 0.78842074 0.7899016  0.78720075 0.7882047  0.7909942  0.7889866
 0.78816986 0.78944856 0.78792226 0.78796834 0.78940916 0.79110533
 0.78736067 0.7906641  0.78824216 0.7868697  0.7889651  0.7895836
 0.78870904 0.78771573 0.7886103  0.78981626 0.7877682  0.78851473
 0.7883313  0.78856415 0.7880078  0.7863701  0.78860277 0.7891898
 0.7892023  0.7885081  0.78716666 0.78953654 0.7872653  0.7882191
 0.7844652  0.7872576  0.78567153 0.7878471  0.7862948  0.79071075
 0.79116267 0.79223377 0.7877011  0.78950226 0.7912493  0.78713214
 0.7895237  0.7894696  0.7893728  0.78985816 0.7874579  0.7883166
 0.79039675 0.7902213  0.7894557  0.78764224 0.7889549  0.7897892
 0.78548056 0.7892211  0.79165834 0.7878106  0.78963995 0.78776854
 0.78929305 0.7885435  0.7882581  0.79051983 0.7864897  0.78735584
 0.7908228  0.78887117 0.7906352  0.78939337 0.7916649  0.7904233
 0.7889166  0.7888177  0.7893236  0.7880584  0.78926307 0.788663
 0.7897143  0.7914989  0.78949445 0.789279   0.7883866  0.7883437
 0.78711104 0.7867789  0.7888614  0.78872377 0.7885097  0.78879184
 0.7882387  0.7906354  0.7882581  0.78761184 0.79087377 0.7869255
 0.78638977 0.788498   0.7900154  0.79144996 0.78983563 0.78881085
 0.78773654 0.7889643  0.7879458  0.7903125  0.7869003  0.78841454
 0.7874727  0.7897415  0.79046077 0.7894978  0.78822905 0.7863825
 0.7899629  0.78909355 0.7867295  0.7890365  0.78920287 0.787351
 0.7874713  0.7913143  0.7903213  0.7884631  0.7896502  0.78930175
 0.7896983  0.79019076]
[nltk_data] Downloading package wordnet to /mnt/iusers01/fse-
[nltk_data]     ugpgt01/compsci01/q12628ct/nltk_data...
[nltk_data]   Package wordnet is already up-to-date!
[nltk_data] Downloading package punkt_tab to /mnt/iusers01/fse-
[nltk_data]     ugpgt01/compsci01/q12628ct/nltk_data...
[nltk_data]   Package punkt_tab is already up-to-date!
[nltk_data] Downloading package omw-1.4 to /mnt/iusers01/fse-
[nltk_data]     ugpgt01/compsci01/q12628ct/nltk_data...
[nltk_data]   Package omw-1.4 is already up-to-date!
/mnt/iusers01/fse-ugpgt01/compsci01/q12628ct/.conda/envs/semantic-decoding/lib/python3.10/site-packages/huggingface_hub/file_download.py:945: FutureWarning: `resume_download` is deprecated and will be removed in version 1.0.0. Downloads always resume when possible. If you want to force a new download, use `force_download=True`.
  warnings.warn(
Some weights of the model checkpoint at roberta-large were not used when initializing RobertaModel: ['lm_head.dense.weight', 'lm_head.dense.bias', 'lm_head.layer_norm.bias', 'lm_head.layer_norm.weight', 'lm_head.bias']
- This IS expected if you are initializing RobertaModel from the checkpoint of a model trained on another task or with another architecture (e.g. initializing a BertForSequenceClassification model from a BertForPreTraining model).
- This IS NOT expected if you are initializing RobertaModel from the checkpoint of a model that you expect to be exactly identical (initializing a BertForSequenceClassification model from a BertForSequenceClassification model).
Some weights of RobertaModel were not initialized from the model checkpoint at roberta-large and are newly initialized: ['roberta.pooler.dense.weight', 'roberta.pooler.dense.bias']
You should probably TRAIN this model on a down-stream task to be able to use it for predictions and inference.
attend-M
WER
[0.04423972 0.04482086 0.03545267 0.04301489 0.04493142 0.044077
 0.03979207 0.04774985 0.04174976 0.04729247 0.04190115 0.04017985
 0.04469518 0.03709212 0.03017695 0.03876037 0.04114664 0.03893385
 0.04234914 0.04539786 0.04166708 0.04114786 0.04521141 0.04204792
 0.04278996 0.04327349 0.0448119  0.03721602 0.03380842 0.04787585
 0.03929805 0.03667585 0.04907963 0.04551069 0.03917105 0.03925823
 0.03917994 0.04521432 0.03877005 0.03981629 0.04268836 0.04553561
 0.03783508 0.04863749 0.03793516 0.04512308 0.04447575 0.04107221
 0.04255164 0.04306771 0.04438401 0.04401643 0.03801807 0.0370688
 0.04305602 0.03789119 0.04004431 0.04976879 0.05033316 0.03832303
 0.0469544  0.04159763 0.04198811 0.04704334 0.04315522 0.04659006
 0.04167716 0.04187986 0.04600022 0.03747478 0.03633053 0.03756436
 0.03868815 0.04259341 0.04266685 0.04692949 0.04207932 0.0448946
 0.04667719 0.04799177 0.05149466 0.04187819 0.04219338 0.04649854
 0.04092527 0.0455929  0.04431434 0.04139471 0.04524662 0.04203148
 0.03932429 0.0398725  0.04684902 0.04319089 0.04065761 0.04990585
 0.04161675 0.0394436  0.03805482 0.04145374 0.05174968 0.03659012
 0.04143577 0.03906552 0.04210913 0.04107904 0.04481823 0.04384443
 0.05006156 0.04663923 0.03687089 0.03862299 0.03108371 0.03573746
 0.05254721 0.04251232 0.04137081 0.0417519  0.04431102 0.04304977
 0.03942885 0.03501093 0.05021399 0.03910353 0.04095964 0.04608342
 0.05212723 0.03705784 0.04691572 0.03708182 0.04175895 0.03904177
 0.04520317 0.04198791 0.04181379 0.04072899 0.04557511 0.04474173
 0.04039714 0.04239372 0.03834358 0.0420693  0.03950838 0.04712555
 0.04224634 0.0426951  0.04397175 0.03636423 0.03883836 0.04165743
 0.04831229 0.04449222 0.04230335 0.04764115 0.04301876 0.0428635
 0.04266338 0.04404492 0.03998701 0.03957608 0.04258215 0.04619655
 0.0440147  0.04837043 0.03315668 0.04291802 0.04962556 0.03954545
 0.04692551 0.04524381 0.03592771 0.04363113 0.04261762 0.0447738
 0.0457299  0.0408854  0.04708628 0.04581325 0.04073832 0.04139661
 0.03532643 0.03787196 0.04598716 0.04085284 0.03638267 0.04500643
 0.03264649 0.03575618 0.0380654  0.04061844 0.03581599 0.03924261
 0.04384782 0.04353862 0.04111048 0.0335633  0.04534372 0.04353204
 0.04290391 0.04040145]
attend-M
BLEU
[0.18642551 0.20270475 0.16848553 0.18447214 0.18597357 0.19338002
 0.17043511 0.19122928 0.18622539 0.1993026  0.18597196 0.18518195
 0.1963174  0.18695631 0.16685138 0.19566264 0.18331049 0.19367406
 0.19363357 0.20309747 0.18516019 0.19374939 0.18755339 0.18922479
 0.18909427 0.18831428 0.19905599 0.1770493  0.17272808 0.19133242
 0.18922497 0.18081869 0.20301928 0.20118765 0.18782173 0.19449488
 0.18859293 0.18691205 0.17551085 0.19504646 0.19967525 0.18304043
 0.16452503 0.20348625 0.1810338  0.18610404 0.17903315 0.17282398
 0.19067165 0.18842733 0.19280448 0.19026565 0.1797739  0.18176676
 0.18985867 0.17769279 0.18816934 0.19741333 0.19906142 0.19099362
 0.20777027 0.17969619 0.20064562 0.19477869 0.18864562 0.20479948
 0.18202735 0.19011786 0.19357238 0.17285405 0.18449984 0.17513207
 0.19375142 0.19762951 0.18566808 0.19621225 0.19607387 0.193855
 0.19719021 0.19878739 0.19587623 0.19159147 0.18922709 0.19808538
 0.20097591 0.19371211 0.18385167 0.19136672 0.17260062 0.18017691
 0.17643485 0.19275314 0.19256193 0.18674411 0.18735682 0.19317412
 0.18982023 0.18538698 0.18570023 0.1847571  0.20155912 0.18364947
 0.20237773 0.18239143 0.19377735 0.17576532 0.18938899 0.19857959
 0.20786333 0.19875744 0.18527608 0.18971011 0.16379604 0.17998531
 0.19031984 0.18401702 0.1833981  0.19162616 0.18666831 0.18511611
 0.17727905 0.18695623 0.18804125 0.18248862 0.1816225  0.17621888
 0.19286449 0.17632885 0.20556059 0.18646081 0.17774304 0.1863243
 0.18596162 0.18405406 0.19154578 0.19196871 0.1952525  0.18532494
 0.19974784 0.17359114 0.19816148 0.18778846 0.18709712 0.21088438
 0.17907792 0.19363421 0.18817075 0.18544923 0.19275332 0.20020075
 0.19640544 0.19415593 0.18985786 0.19955587 0.18654526 0.19285539
 0.19273335 0.17576602 0.19033861 0.18202871 0.19840389 0.19608604
 0.1999958  0.19861531 0.17741394 0.19382482 0.20072043 0.1799685
 0.21010474 0.18421346 0.17865226 0.19628307 0.19560531 0.1832349
 0.19811079 0.1859693  0.19374727 0.19134098 0.18305912 0.18913
 0.17936676 0.18233617 0.20766942 0.1808059  0.18883609 0.19319529
 0.17686544 0.1887621  0.18935003 0.20250215 0.18061829 0.17611317
 0.19774776 0.19724855 0.19751299 0.1710799  0.20406269 0.18691755
 0.19076107 0.1863429 ]
attend-M
METEOR
[0.13407236 0.14351965 0.12488064 0.13605891 0.13691909 0.13689751
 0.12725382 0.14268493 0.13218467 0.14108343 0.13592082 0.12931094
 0.141741   0.12951312 0.12608134 0.1370505  0.12804626 0.13516056
 0.1418539  0.14349247 0.13361062 0.13319515 0.13717477 0.13119794
 0.13452211 0.13547354 0.14698282 0.1244828  0.12940748 0.13194057
 0.13374052 0.12963009 0.14711186 0.13869756 0.13127042 0.13930325
 0.13599517 0.13267881 0.12982315 0.13518155 0.14230713 0.1343065
 0.125907   0.14416561 0.12780253 0.13157816 0.12991347 0.12023638
 0.13251547 0.1345487  0.1311346  0.13532333 0.13050017 0.13202973
 0.13237188 0.13176084 0.13329767 0.14041335 0.1430111  0.13310728
 0.14996947 0.13333881 0.14034922 0.14240507 0.13730558 0.14479904
 0.12714577 0.13304815 0.13435243 0.12368292 0.12648778 0.12565936
 0.14294931 0.14290059 0.13324388 0.13875928 0.13743283 0.13273168
 0.1390348  0.13804567 0.13868368 0.1326865  0.13280924 0.13879212
 0.14406556 0.13579114 0.13490643 0.13192069 0.12786592 0.13317126
 0.12982666 0.14133556 0.1440865  0.13564047 0.13491492 0.14226828
 0.13586722 0.13131803 0.13524092 0.1292823  0.14630788 0.12935487
 0.14341906 0.13126832 0.14287924 0.12051712 0.13485114 0.14687097
 0.14414185 0.14568914 0.13067734 0.13675666 0.11947533 0.130949
 0.13918733 0.13258398 0.12929595 0.13949506 0.13424927 0.1331091
 0.1244042  0.13844319 0.13277602 0.13464832 0.12889102 0.12755151
 0.14152766 0.13178882 0.14452676 0.13196083 0.12878129 0.12976632
 0.13530184 0.12795935 0.13935971 0.1421366  0.13583144 0.1329115
 0.14473007 0.13050733 0.13569258 0.12862815 0.1345999  0.14515823
 0.13293283 0.13794177 0.13171296 0.13090322 0.14021793 0.14316715
 0.13843744 0.1388516  0.13529156 0.13942729 0.12632284 0.13757389
 0.13642693 0.13865192 0.13332297 0.1343778  0.14048327 0.13730359
 0.14264592 0.13882448 0.12799877 0.14012256 0.14521924 0.12752508
 0.1483218  0.13201482 0.13023896 0.13950967 0.14167798 0.12783212
 0.13762492 0.13962991 0.13547663 0.1362456  0.13093607 0.13666785
 0.12853728 0.1376556  0.14639052 0.12702653 0.13336857 0.1395246
 0.13122951 0.13357077 0.13277304 0.13696216 0.12394958 0.12855389
 0.1353232  0.14642304 0.1401161  0.12134057 0.14249927 0.1385119
 0.13243469 0.13223975]
attend-M
BERT
[0.7876914  0.7900056  0.7862455  0.7859013  0.7868629  0.79004276
 0.78507644 0.79034686 0.78850013 0.79027855 0.7896921  0.788694
 0.78813845 0.78625894 0.7869042  0.7889217  0.7895883  0.7885681
 0.7893988  0.7919165  0.78706867 0.7873042  0.7872479  0.7883201
 0.7867915  0.7898497  0.7864679  0.78576833 0.7881222  0.78940594
 0.78961295 0.78639394 0.7900977  0.7892837  0.7889455  0.787877
 0.7896182  0.7866069  0.78712875 0.7869948  0.789607   0.787578
 0.7883671  0.7907104  0.7863595  0.7882523  0.7865161  0.78697157
 0.78750604 0.7876553  0.78695863 0.78994197 0.7878413  0.7893133
 0.7883922  0.7876748  0.7884438  0.7884403  0.7910906  0.7911204
 0.79072505 0.78751755 0.78711855 0.79081196 0.79027736 0.7877134
 0.78914    0.79052925 0.79085654 0.78704554 0.78643054 0.7891146
 0.7908082  0.7891469  0.7882363  0.78799856 0.78863275 0.78911877
 0.7877082  0.7889965  0.7902641  0.7871894  0.7883301  0.7886907
 0.79025567 0.7873789  0.78806907 0.78998774 0.7886947  0.7927178
 0.78612715 0.7882682  0.7901707  0.78698874 0.7871858  0.7875472
 0.79002714 0.78748125 0.786816   0.7905854  0.78993654 0.7879446
 0.78777766 0.78928864 0.79051274 0.7873294  0.7889694  0.78901815
 0.78941655 0.7887367  0.78716016 0.7877307  0.78631455 0.78664047
 0.78855795 0.786382   0.7876418  0.78880984 0.78755313 0.7905148
 0.78894997 0.78769726 0.7888849  0.7887476  0.78853244 0.7886553
 0.79154074 0.78622663 0.78772247 0.78809536 0.7855407  0.78560066
 0.7899073  0.78690284 0.7893629  0.788799   0.7902122  0.78829044
 0.7876818  0.78723675 0.7892462  0.78761667 0.7896753  0.7903222
 0.7871521  0.7882017  0.7894209  0.7875792  0.78875124 0.788939
 0.78818625 0.7884727  0.7878471  0.7894166  0.7900713  0.78981626
 0.7892338  0.7895927  0.78935295 0.7876412  0.7915596  0.78780067
 0.78871727 0.78865117 0.7882459  0.7906932  0.79167897 0.78638744
 0.79115635 0.78912765 0.7880295  0.79024297 0.78757256 0.7900084
 0.7894505  0.7897552  0.7865227  0.792168   0.7874064  0.78864574
 0.78754044 0.7880863  0.7919934  0.7883027  0.7872042  0.78961086
 0.7874581  0.7906831  0.7883824  0.7890805  0.7880633  0.78886884
 0.79031026 0.7880083  0.7893889  0.7871242  0.7898682  0.79104984
 0.78742015 0.78805906]
[nltk_data] Downloading package wordnet to /mnt/iusers01/fse-
[nltk_data]     ugpgt01/compsci01/q12628ct/nltk_data...
[nltk_data]   Package wordnet is already up-to-date!
[nltk_data] Downloading package punkt_tab to /mnt/iusers01/fse-
[nltk_data]     ugpgt01/compsci01/q12628ct/nltk_data...
[nltk_data]   Package punkt_tab is already up-to-date!
[nltk_data] Downloading package omw-1.4 to /mnt/iusers01/fse-
[nltk_data]     ugpgt01/compsci01/q12628ct/nltk_data...
[nltk_data]   Package omw-1.4 is already up-to-date!
/mnt/iusers01/fse-ugpgt01/compsci01/q12628ct/.conda/envs/semantic-decoding/lib/python3.10/site-packages/huggingface_hub/file_download.py:945: FutureWarning: `resume_download` is deprecated and will be removed in version 1.0.0. Downloads always resume when possible. If you want to force a new download, use `force_download=True`.
  warnings.warn(
Some weights of the model checkpoint at roberta-large were not used when initializing RobertaModel: ['lm_head.layer_norm.bias', 'lm_head.dense.bias', 'lm_head.dense.weight', 'lm_head.bias', 'lm_head.layer_norm.weight']
- This IS expected if you are initializing RobertaModel from the checkpoint of a model trained on another task or with another architecture (e.g. initializing a BertForSequenceClassification model from a BertForPreTraining model).
- This IS NOT expected if you are initializing RobertaModel from the checkpoint of a model that you expect to be exactly identical (initializing a BertForSequenceClassification model from a BertForSequenceClassification model).
Some weights of RobertaModel were not initialized from the model checkpoint at roberta-large and are newly initialized: ['roberta.pooler.dense.weight', 'roberta.pooler.dense.bias']
You should probably TRAIN this model on a down-stream task to be able to use it for predictions and inference.
attend-F
WER
[-0.22881738 -0.24063616 -0.23413037 -0.23482398 -0.22941302 -0.25060914
 -0.22848513 -0.24880524 -0.23643366 -0.23727909 -0.23695046 -0.2326824
 -0.2374272  -0.23835008 -0.23692046 -0.23161666 -0.23588354 -0.24507969
 -0.22855467 -0.23317463 -0.24067166 -0.23907523 -0.2339669  -0.24398734
 -0.23369552 -0.23786077 -0.23809148 -0.24493509 -0.24187995 -0.23530923
 -0.22134146 -0.2403966  -0.22957062 -0.24670667 -0.23022636 -0.23760223
 -0.23763126 -0.22255008 -0.24377762 -0.22924145 -0.2358278  -0.22812463
 -0.24745245 -0.24095772 -0.22459445 -0.23885786 -0.23762165 -0.21856672
 -0.23626887 -0.2321579  -0.24303854 -0.22436992 -0.23534375 -0.22723728
 -0.2396245  -0.25130765 -0.24118204 -0.23455524 -0.23378344 -0.23308459
 -0.23319757 -0.24552711 -0.232986   -0.23036125 -0.23523787 -0.23239792
 -0.24432521 -0.23438981 -0.2340593  -0.23409112 -0.23137848 -0.24375489
 -0.22907998 -0.24358176 -0.23763713 -0.23662675 -0.2282792  -0.24515267
 -0.23619595 -0.23483218 -0.2345524  -0.23203448 -0.23865446 -0.23513081
 -0.24480269 -0.22425509 -0.23185814 -0.23274018 -0.22757074 -0.24582844
 -0.23830317 -0.23687987 -0.23199938 -0.24351633 -0.23491643 -0.23103304
 -0.23909668 -0.22382052 -0.24117843 -0.22944871 -0.23288655 -0.22907976
 -0.23271468 -0.24051412 -0.22737531 -0.24004367 -0.23534993 -0.22832291
 -0.2439678  -0.22778601 -0.22938388 -0.23308128 -0.23560201 -0.23531617
 -0.23574013 -0.24116895 -0.23103073 -0.23031949 -0.2491805  -0.23376301
 -0.23951088 -0.23408126 -0.23103547 -0.24127158 -0.22753762 -0.23526932
 -0.23114808 -0.23673179 -0.23713774 -0.23431319 -0.24066085 -0.23195272
 -0.23806098 -0.23884101 -0.23756355 -0.23260427 -0.22622    -0.23873662
 -0.24444693 -0.23502867 -0.23760435 -0.23194375 -0.23371584 -0.23843966
 -0.23693391 -0.23965705 -0.23462147 -0.23720701 -0.22775429 -0.23773409
 -0.22017    -0.22509432 -0.23647491 -0.22834279 -0.23315389 -0.22546054
 -0.23504043 -0.23834704 -0.24252795 -0.22955722 -0.23209426 -0.23632828
 -0.23867988 -0.24272198 -0.23048143 -0.23021991 -0.22894597 -0.23821397
 -0.23657458 -0.24851143 -0.23085637 -0.24443178 -0.23258541 -0.23258138
 -0.24147513 -0.22267634 -0.23696353 -0.2408098  -0.23690351 -0.23598019
 -0.2318414  -0.23385897 -0.23781239 -0.22811508 -0.23296028 -0.23653732
 -0.24686495 -0.24156064 -0.23333475 -0.23229553 -0.23521641 -0.23126886
 -0.22789453 -0.23609675 -0.2324286  -0.22586533 -0.23508097 -0.23030889
 -0.2417079  -0.23652606]
attend-F
BLEU
[0.19628877 0.16615282 0.17425732 0.17550011 0.18505321 0.14983344
 0.17880606 0.17131719 0.19391103 0.16710043 0.17194081 0.18673776
 0.17027547 0.18554359 0.17879834 0.19296457 0.18917779 0.15762857
 0.17895656 0.16520129 0.16377714 0.16520829 0.17661799 0.17262401
 0.1743532  0.17811269 0.18713717 0.17365625 0.1733226  0.18246412
 0.19401659 0.16477797 0.20002244 0.16552587 0.18260312 0.18134674
 0.17465005 0.19809499 0.15394039 0.18442558 0.1744269  0.18675332
 0.15132733 0.16167416 0.18598644 0.17407528 0.17267555 0.18414665
 0.17518039 0.18917625 0.1741821  0.19276702 0.17557242 0.18923249
 0.18086127 0.15721194 0.16054129 0.18255273 0.18421893 0.19524439
 0.17939818 0.16891724 0.18622403 0.17619179 0.17412009 0.17501767
 0.15388626 0.16861964 0.17688031 0.17954378 0.16688806 0.18262474
 0.19365655 0.16202633 0.17517267 0.19215443 0.19790676 0.17037912
 0.17554209 0.19443942 0.16665994 0.17837971 0.17401988 0.19157546
 0.16545031 0.1818348  0.19331436 0.16404252 0.19573985 0.15027194
 0.17275365 0.17963746 0.17352683 0.15681817 0.18494898 0.18001986
 0.18198635 0.18639375 0.15004901 0.20129521 0.17905297 0.18436152
 0.18899501 0.15924113 0.1818871  0.16625103 0.17533417 0.19450668
 0.16832333 0.19480301 0.18570832 0.18580069 0.16449528 0.17285602
 0.18023371 0.17766143 0.17895574 0.18359006 0.15367202 0.18446666
 0.16466976 0.17278928 0.1832624  0.17305987 0.19377353 0.17698857
 0.18652439 0.18509244 0.1745258  0.18244273 0.1807026  0.17474869
 0.18218122 0.17787604 0.16731813 0.18561333 0.17840722 0.16934537
 0.17930325 0.17567067 0.18087161 0.17496755 0.18141469 0.17621725
 0.17637855 0.18874389 0.17954194 0.17828715 0.19321266 0.17104575
 0.20283813 0.19275031 0.17279062 0.19517054 0.18118367 0.18707532
 0.16829341 0.1854418  0.16662744 0.20557331 0.18458279 0.17672682
 0.17409181 0.17381729 0.18880844 0.18863685 0.18756979 0.15953971
 0.17109978 0.16410586 0.18555557 0.16750303 0.1818745  0.1850187
 0.17107017 0.19409921 0.18274023 0.16745136 0.17667326 0.17576586
 0.18119677 0.18624071 0.18284725 0.18152418 0.19419475 0.1820575
 0.15378524 0.1673955  0.17661093 0.18103629 0.19271582 0.18804325
 0.18293932 0.17452861 0.17599382 0.19231055 0.18978211 0.17547641
 0.16283789 0.17918602]
attend-F
METEOR
[0.149315   0.1245945  0.13259178 0.13229364 0.14603396 0.12296395
 0.14260854 0.13387598 0.14398359 0.12482821 0.1332776  0.14196968
 0.13604008 0.14273399 0.13267043 0.14566481 0.14481248 0.11890883
 0.13561857 0.13000839 0.12851867 0.11944574 0.13533046 0.13671857
 0.14304124 0.14230818 0.14139186 0.13385704 0.13428772 0.14174647
 0.1481107  0.12837187 0.15246429 0.12299052 0.14103069 0.13938619
 0.12787785 0.14717506 0.1226289  0.1415913  0.1273993  0.14408592
 0.11905074 0.12326561 0.14024348 0.12837569 0.12971388 0.1451252
 0.13623573 0.14728474 0.13712217 0.14015925 0.13484675 0.14509735
 0.1356954  0.12650131 0.12593771 0.13658707 0.14450648 0.14186355
 0.1397506  0.12851866 0.14065783 0.13780203 0.12908849 0.12885827
 0.11848725 0.12960029 0.13747394 0.13751473 0.12590764 0.13628179
 0.14876597 0.12699457 0.13535897 0.14290701 0.1462633  0.12744797
 0.1317417  0.1505683  0.13150657 0.13401496 0.13145353 0.14238552
 0.12602859 0.14941636 0.14711581 0.13079388 0.14484948 0.11787229
 0.13131822 0.13525177 0.13576751 0.1246695  0.13746832 0.14117348
 0.13979276 0.14503145 0.11780062 0.15300331 0.13071449 0.14496532
 0.14291021 0.11883843 0.14320035 0.1249427  0.13793263 0.1455139
 0.13044198 0.14864929 0.14235255 0.14039329 0.13204348 0.13216509
 0.13789113 0.13786533 0.13669658 0.14189625 0.11873049 0.13635689
 0.12576158 0.13458782 0.13802428 0.13431621 0.15047651 0.13241482
 0.13620906 0.13820025 0.13455638 0.1388283  0.13749427 0.13401996
 0.13522477 0.13491099 0.12822267 0.14612109 0.14167058 0.12979132
 0.13454477 0.1328897  0.13768347 0.13906505 0.13350098 0.14059604
 0.13298998 0.13290918 0.13900939 0.13040411 0.14369428 0.13337892
 0.15322531 0.14586473 0.12853087 0.14847195 0.13833726 0.14259938
 0.12585129 0.14035422 0.12604149 0.1599271  0.14373183 0.13725858
 0.13234994 0.13788198 0.14537369 0.13682458 0.13900068 0.12602684
 0.12975231 0.12468159 0.13866362 0.12624791 0.13634017 0.13509092
 0.13043043 0.14802233 0.13701928 0.13474545 0.13920227 0.13837026
 0.13998344 0.14046402 0.1413368  0.13784697 0.15425404 0.14362058
 0.1206906  0.13825224 0.13562995 0.13827015 0.14120926 0.13623463
 0.1419001  0.13505749 0.13395356 0.14908515 0.14616656 0.14155914
 0.12523944 0.12983882]
attend-F
BERT
[0.7905195  0.7862936  0.78922766 0.7865794  0.7880949  0.7865491
 0.7874297  0.7875914  0.7896254  0.7874512  0.78685766 0.7918587
 0.7871119  0.78762025 0.78636193 0.79107237 0.7905109  0.78579205
 0.78746665 0.78591484 0.7866042  0.78767157 0.7871379  0.7878316
 0.78967637 0.7903453  0.78894013 0.7903071  0.7897302  0.7881588
 0.78756094 0.7847705  0.7883395  0.790405   0.78984785 0.7871994
 0.7897286  0.79125434 0.7871026  0.7877047  0.787276   0.7890808
 0.78703344 0.7864752  0.78910667 0.7874506  0.7879367  0.789367
 0.7908137  0.78875625 0.78830045 0.79070485 0.7883563  0.7901385
 0.78802663 0.7882145  0.78716743 0.7885506  0.7891503  0.78880364
 0.7899435  0.7876607  0.7883703  0.7866293  0.7886621  0.7900769
 0.7851341  0.7874388  0.78825134 0.78946424 0.7876593  0.7883378
 0.78955424 0.7868978  0.7886618  0.7900226  0.7894304  0.7894732
 0.7879058  0.7904804  0.78923464 0.7902852  0.7891664  0.78966963
 0.7865931  0.7874289  0.79026634 0.78851384 0.78973806 0.7862103
 0.78614795 0.78825825 0.7872139  0.7863132  0.7890123  0.7910817
 0.7897432  0.78987825 0.7845471  0.7907677  0.78797424 0.78897786
 0.7883341  0.7874356  0.7863689  0.7870664  0.78791916 0.78943
 0.78632814 0.79079795 0.7911412  0.7911374  0.78665847 0.78988004
 0.7894073  0.789262   0.7883238  0.7886135  0.78800565 0.7904725
 0.78762513 0.7902273  0.7886251  0.78698266 0.7890306  0.78860253
 0.79038036 0.78785455 0.7878227  0.7889276  0.78981423 0.7874505
 0.78890675 0.79055667 0.7884927  0.78807765 0.7880629  0.7876701
 0.78844094 0.78664744 0.7880309  0.78933626 0.78972465 0.78829634
 0.78773427 0.78945524 0.7889518  0.78826815 0.788435   0.7882797
 0.79196274 0.7895597  0.78595895 0.7887267  0.7880687  0.790521
 0.7877671  0.7886442  0.7864146  0.78933066 0.79077864 0.78868574
 0.7877152  0.78749096 0.78960544 0.78940064 0.7907634  0.7878645
 0.7873689  0.7895139  0.7880567  0.789037   0.78817904 0.78701186
 0.787894   0.789234   0.78677565 0.7886783  0.7902378  0.78616166
 0.790413   0.7902905  0.7901667  0.7902047  0.7893073  0.7901958
 0.7871569  0.7861738  0.78592885 0.7889225  0.7891226  0.7902404
 0.7888366  0.78719115 0.7874659  0.7916766  0.78985715 0.7864597
 0.7855434  0.7880524 ]
[nltk_data] Downloading package wordnet to /mnt/iusers01/fse-
[nltk_data]     ugpgt01/compsci01/q12628ct/nltk_data...
[nltk_data]   Package wordnet is already up-to-date!
[nltk_data] Downloading package punkt_tab to /mnt/iusers01/fse-
[nltk_data]     ugpgt01/compsci01/q12628ct/nltk_data...
[nltk_data]   Package punkt_tab is already up-to-date!
[nltk_data] Downloading package omw-1.4 to /mnt/iusers01/fse-
[nltk_data]     ugpgt01/compsci01/q12628ct/nltk_data...
[nltk_data]   Package omw-1.4 is already up-to-date!
/mnt/iusers01/fse-ugpgt01/compsci01/q12628ct/.conda/envs/semantic-decoding/lib/python3.10/site-packages/huggingface_hub/file_download.py:945: FutureWarning: `resume_download` is deprecated and will be removed in version 1.0.0. Downloads always resume when possible. If you want to force a new download, use `force_download=True`.
  warnings.warn(
Some weights of the model checkpoint at roberta-large were not used when initializing RobertaModel: ['lm_head.bias', 'lm_head.dense.bias', 'lm_head.dense.weight', 'lm_head.layer_norm.bias', 'lm_head.layer_norm.weight']
- This IS expected if you are initializing RobertaModel from the checkpoint of a model trained on another task or with another architecture (e.g. initializing a BertForSequenceClassification model from a BertForPreTraining model).
- This IS NOT expected if you are initializing RobertaModel from the checkpoint of a model that you expect to be exactly identical (initializing a BertForSequenceClassification model from a BertForSequenceClassification model).
Some weights of RobertaModel were not initialized from the model checkpoint at roberta-large and are newly initialized: ['roberta.pooler.dense.bias', 'roberta.pooler.dense.weight']
You should probably TRAIN this model on a down-stream task to be able to use it for predictions and inference.
attend-M
WER
[0.04297132 0.04062523 0.04271625 0.04311937 0.04778687 0.04615995
 0.04061772 0.03550506 0.04183679 0.04595925 0.04615746 0.0498685
 0.03710401 0.04166704 0.03839987 0.04066871 0.04546926 0.04651024
 0.03762018 0.0420892  0.05094761 0.04756942 0.04390401 0.04097352
 0.04975597 0.04846817 0.04585868 0.05049826 0.04130724 0.04282428
 0.04549731 0.03931385 0.04607175 0.0417394  0.04294159 0.04623254
 0.04772144 0.04799064 0.04291093 0.04341918 0.04115909 0.0423645
 0.03994483 0.04482535 0.0521175  0.04000911 0.03967289 0.04575075
 0.04403883 0.04079679 0.04511642 0.04744704 0.03808723 0.04184988
 0.04938683 0.04741379 0.03865366 0.04412881 0.04613911 0.04849506
 0.03387654 0.05242332 0.04857079 0.04996262 0.03516654 0.04407787
 0.0426556  0.04631137 0.03911657 0.04000041 0.04601268 0.04994814
 0.04874325 0.04282284 0.04370142 0.04691643 0.04482959 0.04902988
 0.04408768 0.0537855  0.05219228 0.03815942 0.04099994 0.0448309
 0.04085858 0.04801096 0.04347105 0.04644923 0.04740365 0.04195633
 0.04266596 0.03916173 0.04064673 0.05068344 0.04251424 0.05537914
 0.04230253 0.04693039 0.04499012 0.04766315 0.04352776 0.04663165
 0.04490901 0.05181259 0.04703695 0.04839901 0.0445333  0.04764522
 0.05068718 0.04956934 0.04279459 0.04371972 0.04689751 0.04111005
 0.04486645 0.04704766 0.04679207 0.04454941 0.03759537 0.04472983
 0.05404214 0.04664076 0.04592234 0.05101627 0.04471272 0.04085589
 0.04611097 0.0455387  0.0392437  0.04074811 0.03533061 0.03906354
 0.04646752 0.04335753 0.04670761 0.04453807 0.04040741 0.03975064
 0.04969388 0.04373356 0.04699843 0.0413644  0.04385677 0.04837679
 0.03333436 0.04112108 0.04797039 0.04968654 0.04614181 0.0442176
 0.0478359  0.04685764 0.03941748 0.04251668 0.03754986 0.04267738
 0.04227917 0.03901357 0.04537536 0.04676831 0.04493925 0.05251995
 0.05095515 0.04637465 0.0430643  0.04570134 0.04710787 0.04775316
 0.05017177 0.04823256 0.0503505  0.03899039 0.04723828 0.04780893
 0.04690973 0.03997126 0.03859418 0.04367981 0.0494356  0.0486177
 0.04686114 0.04659537 0.0459079  0.04124374 0.04820477 0.04847581
 0.05244147 0.0395761  0.04938935 0.04605075 0.04222688 0.04700714
 0.04055228 0.04407642 0.04109209 0.04739931 0.04209618 0.04890024
 0.0455151  0.03541833]
attend-M
BLEU
[0.19734569 0.18730957 0.19382615 0.18666513 0.19310131 0.18821891
 0.20020347 0.17666442 0.18447931 0.18142644 0.17796349 0.20485066
 0.17321593 0.18553166 0.18936056 0.18911076 0.18721625 0.18701776
 0.16389137 0.18404264 0.19816197 0.1931301  0.18983763 0.18814931
 0.18209848 0.18906185 0.19239713 0.20102223 0.19574942 0.18984942
 0.19957542 0.18198343 0.18802894 0.1915392  0.18846369 0.179915
 0.20544994 0.19766538 0.17617041 0.17939304 0.19433728 0.19342247
 0.17788067 0.18940903 0.19379176 0.19373599 0.19036987 0.20310416
 0.19134194 0.18190556 0.19453215 0.19100689 0.18476961 0.18861266
 0.18196242 0.19273068 0.16529851 0.18282312 0.1920355  0.18718741
 0.16264214 0.20775034 0.19930456 0.1819251  0.18769117 0.19093056
 0.18181288 0.18629476 0.16905451 0.18623911 0.17555359 0.18645527
 0.19772898 0.19148189 0.21586101 0.18746976 0.18802961 0.19373078
 0.21134363 0.19838326 0.19855156 0.19250926 0.18279514 0.18737671
 0.18239086 0.19978851 0.18272583 0.19187351 0.18732103 0.1731487
 0.18272088 0.18268498 0.1816692  0.19393013 0.17778317 0.19075088
 0.17843892 0.17999978 0.188751   0.18984388 0.18675951 0.19508232
 0.18456035 0.19306217 0.20163778 0.18896688 0.19397401 0.18194841
 0.20075626 0.1865872  0.188241   0.19160198 0.19248334 0.18658142
 0.19595021 0.20631192 0.19296016 0.18919549 0.17286472 0.18387683
 0.20630131 0.20457966 0.19186783 0.19554812 0.18399972 0.18539554
 0.20337627 0.18384601 0.17353031 0.19466644 0.16720117 0.18169009
 0.18325925 0.18895296 0.19240902 0.19750071 0.18466027 0.18095859
 0.19951594 0.18436399 0.18985703 0.18490092 0.1927912  0.18494699
 0.16443006 0.1957062  0.20196605 0.19832191 0.18691691 0.18794751
 0.19586465 0.19630623 0.18296852 0.192746   0.17827797 0.18241801
 0.19169974 0.18382737 0.17270229 0.19709945 0.18410667 0.17643632
 0.18880676 0.18102916 0.18496045 0.18820187 0.19353043 0.19579877
 0.18931102 0.20038881 0.20687704 0.18145944 0.19306985 0.19109243
 0.19122624 0.17697193 0.18582413 0.19240815 0.19971709 0.188507
 0.19710594 0.2103268  0.18241361 0.18589243 0.20301558 0.19167185
 0.20350671 0.18255314 0.19982102 0.20237521 0.19234595 0.19841137
 0.18121571 0.17779109 0.19292501 0.19668619 0.1798689  0.20138135
 0.18636227 0.17596959]
attend-M
METEOR
[0.14071401 0.13100109 0.13242268 0.12911138 0.13783298 0.13820273
 0.14190904 0.1329191  0.13064313 0.12429333 0.12607778 0.15275046
 0.1251973  0.1426963  0.13381396 0.13694443 0.13489071 0.13741002
 0.1191636  0.13699591 0.14045892 0.14165479 0.138699   0.13691279
 0.137221   0.13384451 0.13369057 0.13998334 0.14186298 0.13370057
 0.14002423 0.13329675 0.12965277 0.14219496 0.13405031 0.13213463
 0.1460315  0.1477485  0.12538019 0.12889249 0.13684717 0.1360919
 0.13418702 0.13277571 0.14471717 0.13522674 0.136217   0.147992
 0.13725666 0.13071915 0.13966845 0.13828484 0.13595542 0.13104122
 0.12995854 0.13431834 0.1250425  0.12307249 0.14275405 0.13601718
 0.1168903  0.1459589  0.14275456 0.13081271 0.13455192 0.13689125
 0.13126187 0.13451766 0.12439515 0.13426719 0.12784409 0.1382528
 0.14261103 0.13788044 0.15441615 0.12967369 0.13237091 0.13427621
 0.14393541 0.14154013 0.14173172 0.13750841 0.12922881 0.13386757
 0.12519444 0.14086427 0.13524023 0.13608211 0.13972054 0.12093461
 0.13530942 0.13208629 0.13860263 0.13385013 0.1334669  0.13672663
 0.12388128 0.13141739 0.132525   0.13200551 0.1354826  0.14054043
 0.13802625 0.14138449 0.13884209 0.13824573 0.14028435 0.13921974
 0.13900198 0.13501963 0.13064871 0.13741009 0.13786004 0.13401493
 0.14038005 0.14881933 0.13700667 0.14209586 0.12598889 0.13335058
 0.14382682 0.13436781 0.13923558 0.13628445 0.12904242 0.12822921
 0.14349268 0.13334562 0.13194837 0.13388285 0.1283169  0.13252555
 0.13076091 0.1307421  0.14396871 0.13631128 0.13559118 0.13419746
 0.14101084 0.13413048 0.13794267 0.1384085  0.14793876 0.13398753
 0.12336121 0.13601721 0.14917798 0.14147706 0.13313051 0.13474483
 0.14109855 0.13997369 0.12745292 0.13948333 0.1296337  0.13661841
 0.13476137 0.13502441 0.12235377 0.14355727 0.13469632 0.1318592
 0.1339618  0.13546123 0.13780477 0.13098402 0.13678829 0.14176534
 0.13301784 0.14119971 0.13834131 0.12466534 0.13828753 0.13458089
 0.13386837 0.13327775 0.13970059 0.13559249 0.13403351 0.1320762
 0.14030863 0.14536645 0.13295789 0.13043708 0.14226779 0.13352812
 0.14589139 0.13139521 0.1377155  0.14580304 0.13927797 0.13907197
 0.12598188 0.1220299  0.13383839 0.13877046 0.12493622 0.14063368
 0.13454103 0.12979551]
attend-M
BERT
[0.78839034 0.7896602  0.7874504  0.78742415 0.78788203 0.78826195
 0.7881897  0.78774774 0.7909178  0.78599715 0.78806424 0.79023427
 0.7866953  0.79045403 0.78611034 0.7886734  0.78839177 0.78595144
 0.7877296  0.78901994 0.7894844  0.78989124 0.7869632  0.78893095
 0.78894055 0.7912155  0.78970426 0.7890208  0.79099274 0.7899157
 0.7881223  0.78840935 0.7870629  0.7878947  0.78932077 0.7884696
 0.789724   0.7904191  0.78787136 0.78789455 0.78960973 0.788489
 0.78861606 0.7892251  0.79137206 0.79001147 0.7855842  0.78978264
 0.7911444  0.78886706 0.79034275 0.7902454  0.78773457 0.78654844
 0.7872937  0.7913413  0.7855958  0.7877661  0.788894   0.7907534
 0.7868275  0.7910485  0.7915299  0.7883984  0.78926355 0.7903255
 0.78665394 0.78914416 0.78625053 0.7878427  0.78888005 0.7866261
 0.7911019  0.78959644 0.78945345 0.7894719  0.78837794 0.7890183
 0.78950673 0.79029214 0.7905701  0.78603303 0.787857   0.7882526
 0.7874925  0.7905668  0.79102194 0.788871   0.7885362  0.78798985
 0.7896273  0.78820115 0.78846097 0.788616   0.78560597 0.787727
 0.7866883  0.7898941  0.78828025 0.7877393  0.787575   0.7885961
 0.7906992  0.79010844 0.7917916  0.78944874 0.7892948  0.7870932
 0.7895236  0.788033   0.7891685  0.7874564  0.7906405  0.78879017
 0.7892762  0.789951   0.78816605 0.78971726 0.7870998  0.78755957
 0.7896444  0.7901461  0.78868556 0.7904367  0.78872925 0.78853905
 0.78873354 0.7889387  0.78619134 0.7887267  0.78758925 0.78798866
 0.7890541  0.7880557  0.78951055 0.78838134 0.78763974 0.78912365
 0.78847355 0.7884598  0.7880288  0.7881048  0.78963107 0.7887595
 0.7877664  0.7911867  0.7890626  0.78916013 0.7869771  0.7903554
 0.7874726  0.7888831  0.7858782  0.78904176 0.7873073  0.7862121
 0.79061127 0.78624105 0.7894474  0.78933483 0.7892737  0.7890769
 0.78704476 0.78856444 0.7861667  0.787796   0.7896106  0.7907583
 0.78941196 0.7889463  0.7890157  0.7873471  0.7878336  0.7871549
 0.78561556 0.7869127  0.7864314  0.7894546  0.7902678  0.7891702
 0.78795415 0.7912122  0.78775984 0.78751475 0.7883888  0.7921803
 0.79132223 0.78807276 0.78912485 0.7900407  0.78675574 0.78782856
 0.78723174 0.787251   0.78878695 0.7897946  0.78919536 0.7873554
 0.7857447  0.7866166 ]
