Job is using 1 GPU(s) with ID(s) 0 and 8 CPU core(s)
torch cuade is available: True
/net/scratch/q12628ct/semantic-decoding/decoding/utils_ridge/interpdata.py:159: RuntimeWarning: invalid value encountered in divide
  val = window * np.sin(np.pi*t) * np.sin(np.pi*t/window) / (np.pi**2 * t**2)
[nltk_data] Downloading package wordnet to /mnt/iusers01/fse-
[nltk_data]     ugpgt01/compsci01/q12628ct/nltk_data...
[nltk_data]   Package wordnet is already up-to-date!
[nltk_data] Downloading package punkt_tab to /mnt/iusers01/fse-
[nltk_data]     ugpgt01/compsci01/q12628ct/nltk_data...
[nltk_data]   Package punkt_tab is already up-to-date!
[nltk_data] Downloading package omw-1.4 to /mnt/iusers01/fse-
[nltk_data]     ugpgt01/compsci01/q12628ct/nltk_data...
[nltk_data]   Package omw-1.4 is already up-to-date!
/mnt/iusers01/fse-ugpgt01/compsci01/q12628ct/.conda/envs/semantic-decoding/lib/python3.10/site-packages/huggingface_hub/file_download.py:945: FutureWarning: `resume_download` is deprecated and will be removed in version 1.0.0. Downloads always resume when possible. If you want to force a new download, use `force_download=True`.
  warnings.warn(
Some weights of the model checkpoint at roberta-large were not used when initializing RobertaModel: ['lm_head.layer_norm.weight', 'lm_head.dense.weight', 'lm_head.bias', 'lm_head.dense.bias', 'lm_head.layer_norm.bias']
- This IS expected if you are initializing RobertaModel from the checkpoint of a model trained on another task or with another architecture (e.g. initializing a BertForSequenceClassification model from a BertForPreTraining model).
- This IS NOT expected if you are initializing RobertaModel from the checkpoint of a model that you expect to be exactly identical (initializing a BertForSequenceClassification model from a BertForSequenceClassification model).
Some weights of RobertaModel were not initialized from the model checkpoint at roberta-large and are newly initialized: ['roberta.pooler.dense.bias', 'roberta.pooler.dense.weight']
You should probably TRAIN this model on a down-stream task to be able to use it for predictions and inference.
alpha
WER
[-0.16907005 -0.18691325 -0.18161784 -0.20691739 -0.16164343 -0.18658412
 -0.2115502  -0.17988186 -0.14054899 -0.19020882 -0.16434569 -0.18196468
 -0.19099289 -0.17126344 -0.16132981 -0.21301465 -0.20659542 -0.1961736
 -0.18866695 -0.17722634 -0.19639193 -0.19661321 -0.18676519 -0.17533537
 -0.19672048 -0.17275015 -0.17083414 -0.2020938  -0.18654084 -0.17546763
 -0.17684874 -0.17397312 -0.18284791 -0.20074327 -0.18313342 -0.17019022
 -0.19230071 -0.2037576  -0.13733668 -0.18876904 -0.19405162 -0.20114092
 -0.18058704 -0.16442129 -0.1641388  -0.19168341 -0.1871045  -0.18506354
 -0.17403402 -0.18191013 -0.17142631 -0.14768328 -0.16935631 -0.19200264
 -0.18404228 -0.15087523 -0.18268837 -0.21030835 -0.18476446 -0.15743108
 -0.17229768 -0.19435839 -0.17680897 -0.18072664 -0.20484291 -0.18164329
 -0.17460702 -0.17052854 -0.19128092 -0.17494552 -0.16307313 -0.18617651
 -0.2135834  -0.2113902  -0.18189566 -0.20243629 -0.18745556 -0.16848123
 -0.19925462 -0.16720678 -0.18458561 -0.210832   -0.17621035 -0.20938954
 -0.2037364  -0.20464927 -0.1719716  -0.17997423 -0.17087973 -0.14467766
 -0.19717298 -0.20680849 -0.18127874 -0.16758595 -0.19896111 -0.21508755
 -0.16646365 -0.18670295 -0.2013244  -0.1801652  -0.19140857 -0.18134947
 -0.18121172 -0.17843651 -0.1897444  -0.17818822 -0.21099144 -0.20280192
 -0.18237282 -0.18620965 -0.14993769 -0.17609155 -0.17933595 -0.16462603
 -0.17535452 -0.15111769 -0.17243804 -0.18641127 -0.19943851 -0.18854679
 -0.19690229 -0.16938463 -0.18881652 -0.20907125 -0.20320508 -0.2054592
 -0.21268799 -0.18987174 -0.1853662  -0.17650844 -0.20336437 -0.19207452
 -0.1875341  -0.19362517 -0.15261325 -0.17318852 -0.19888109 -0.20112577
 -0.19870855 -0.18682695 -0.20268868 -0.20637013 -0.19783415 -0.20058004
 -0.15548209 -0.22283441 -0.1834837  -0.20159641 -0.15979363 -0.1701495
 -0.22249245 -0.1842397  -0.17844562 -0.17164943 -0.17272118 -0.19777565
 -0.15908367 -0.16651233 -0.18133585 -0.1925031  -0.16893376 -0.16883575
 -0.18574813 -0.19309489 -0.18009152 -0.1762174  -0.1906634  -0.17361169
 -0.18267878 -0.18148973 -0.17741066 -0.17697519 -0.19710482 -0.18228458
 -0.17218184 -0.18293825 -0.17748151 -0.17187541 -0.15983904 -0.20859728
 -0.19210379 -0.18424386 -0.19194382 -0.17402937 -0.17032263 -0.16206633
 -0.15995055 -0.21310087 -0.19513782 -0.17307822 -0.17857101 -0.18854066
 -0.17413063 -0.19516675 -0.20558921 -0.17480938 -0.21880401 -0.19845193
 -0.17068793 -0.14539032]
alpha
BLEU
[0.20220284 0.15787011 0.20461423 0.18631058 0.2249694  0.19253713
 0.13450523 0.23569741 0.23517733 0.17423151 0.20785378 0.18261515
 0.19043081 0.20248594 0.2308975  0.16195964 0.18461154 0.1581361
 0.17559056 0.19076567 0.20813283 0.12717154 0.24011447 0.19325805
 0.1629575  0.2098348  0.22597053 0.16120861 0.23164724 0.18946973
 0.18987259 0.17049031 0.17206371 0.15008839 0.2188827  0.21263847
 0.18453596 0.16570747 0.23710222 0.15154696 0.16144026 0.20143596
 0.1834672  0.21772624 0.22195826 0.18502578 0.16657479 0.20732394
 0.23262303 0.15453309 0.20861058 0.25099092 0.19643911 0.21325898
 0.18781696 0.21603193 0.22049614 0.11554496 0.18770201 0.21058629
 0.19442177 0.20684612 0.19734228 0.23076359 0.13478277 0.18347295
 0.19800156 0.18756362 0.19878487 0.23389532 0.17775878 0.22587673
 0.14316597 0.1730486  0.21981222 0.16029921 0.19833838 0.21920486
 0.15617148 0.18414045 0.20288119 0.17173338 0.18372617 0.12714619
 0.17228002 0.15689761 0.18148247 0.20720014 0.18051253 0.21725247
 0.20233789 0.16569478 0.20031839 0.18494135 0.18462445 0.12666958
 0.20041803 0.17513257 0.12756681 0.22718012 0.18895751 0.21294691
 0.18657574 0.20463468 0.16906145 0.1892939  0.14348657 0.1559416
 0.20899739 0.16203168 0.24475623 0.21821943 0.17906609 0.22494442
 0.20304905 0.22317055 0.20647421 0.18019473 0.18329743 0.1786686
 0.17346801 0.2384775  0.18153841 0.1420562  0.15882868 0.18694579
 0.15272494 0.17913898 0.2066783  0.19750781 0.14327284 0.17610553
 0.19590701 0.18284284 0.22808801 0.21482672 0.1696595  0.14436008
 0.154486   0.18403461 0.17378378 0.1463014  0.18236163 0.1854076
 0.22394722 0.11406676 0.17059842 0.15735031 0.23155537 0.20950653
 0.11360935 0.2042429  0.20196882 0.22340072 0.21225447 0.15597609
 0.17682268 0.20099127 0.18562766 0.16140624 0.21824478 0.19968826
 0.21752338 0.17246791 0.20522276 0.18887691 0.19564582 0.22702231
 0.22976083 0.1929049  0.17478401 0.16804688 0.15145981 0.20186218
 0.20009679 0.20555673 0.21458752 0.18333422 0.20687049 0.19365413
 0.16288364 0.22236662 0.15959076 0.21353965 0.18270576 0.20107988
 0.19992322 0.1296217  0.14759709 0.16372868 0.19964934 0.18464301
 0.17313727 0.17664004 0.14713374 0.20067555 0.14129896 0.19725943
 0.2091113  0.19982494]
alpha
METEOR
[0.14882694 0.12190369 0.15127266 0.13256171 0.17951331 0.13054183
 0.09990954 0.15749451 0.17518627 0.13826713 0.15850616 0.13856652
 0.14853756 0.1335826  0.17464899 0.12102606 0.12969018 0.12461366
 0.13819643 0.14780618 0.14385819 0.09582522 0.1757206  0.16856442
 0.11866517 0.16809022 0.17946788 0.11980627 0.18554833 0.14464814
 0.14005709 0.12812247 0.11890838 0.1260222  0.15084226 0.13712305
 0.15197742 0.12174348 0.17962413 0.11585581 0.12320354 0.14632697
 0.15220937 0.15157245 0.16825179 0.14349543 0.13254099 0.14979316
 0.17551853 0.11631052 0.16508857 0.18753239 0.15079912 0.14666136
 0.13610687 0.15595009 0.1468095  0.09142307 0.14648328 0.1576112
 0.15106533 0.13915387 0.15390027 0.15989843 0.10345943 0.14451133
 0.13305801 0.13641948 0.14868943 0.16827342 0.15286509 0.17322577
 0.11567278 0.13157145 0.16226965 0.12297012 0.14454723 0.15540133
 0.104598   0.14465361 0.1635944  0.13034613 0.14352576 0.11436161
 0.12385649 0.11818343 0.15041989 0.16168529 0.13228015 0.16007807
 0.13995936 0.12994778 0.14733706 0.13727905 0.12755801 0.09634817
 0.1639007  0.13521145 0.09328508 0.18171253 0.13347228 0.15955096
 0.15615464 0.14366129 0.11915436 0.14409179 0.12058135 0.11457065
 0.16607661 0.11695081 0.15517081 0.15080257 0.13857217 0.17111638
 0.15359078 0.16097741 0.15368438 0.14720091 0.13123546 0.13695017
 0.14228902 0.1716181  0.13653861 0.11776668 0.138357   0.14185415
 0.11577731 0.16515119 0.14109829 0.15670448 0.11621118 0.14055205
 0.13532504 0.12431408 0.15475302 0.17669671 0.14800928 0.11072199
 0.12436475 0.16998113 0.11969266 0.1157197  0.14286706 0.13840231
 0.16019535 0.09657425 0.13071739 0.13900782 0.16269436 0.15769387
 0.10421963 0.15365193 0.13232468 0.16122162 0.15393329 0.13143473
 0.12428523 0.15740607 0.13339495 0.11897549 0.15349883 0.15534983
 0.17034239 0.13154478 0.1493818  0.15446909 0.15843589 0.16520635
 0.16111449 0.13171444 0.15674701 0.12337505 0.10774511 0.141418
 0.15480855 0.147853   0.14987521 0.13173043 0.17094793 0.14768491
 0.11948904 0.15221252 0.10721342 0.14446035 0.12591586 0.15196986
 0.15353868 0.09754337 0.11429034 0.12412903 0.13786046 0.13772977
 0.15143091 0.14002074 0.10949769 0.14916046 0.10437286 0.16928969
 0.16450942 0.15932529]
alpha
BERT
[0.7901513  0.7901653  0.79534316 0.79872596 0.8005131  0.7925433
 0.79102546 0.79523736 0.79686785 0.794685   0.79468805 0.7936537
 0.79468846 0.8028519  0.7982307  0.79138976 0.7880836  0.79314953
 0.7952989  0.7945336  0.7915533  0.78767926 0.8016047  0.7971036
 0.79200065 0.79597753 0.797173   0.79205936 0.7960024  0.7996322
 0.7911874  0.795725   0.7934844  0.78880954 0.7955156  0.7934974
 0.7936121  0.7900571  0.79745746 0.79351205 0.7952667  0.7962025
 0.79459995 0.7975289  0.79634315 0.7946004  0.7973148  0.7906472
 0.795615   0.7890771  0.79898787 0.79029846 0.7936962  0.7947701
 0.79612386 0.80010426 0.7929193  0.7908269  0.79587424 0.8017943
 0.7956853  0.7991243  0.7968674  0.79684067 0.7927154  0.79238844
 0.7949935  0.79065454 0.7989424  0.7997644  0.7952773  0.7973373
 0.78677183 0.79399174 0.7994236  0.7898249  0.7939954  0.79445183
 0.7934347  0.7892539  0.80059695 0.7983516  0.7929492  0.79208875
 0.7948094  0.7903092  0.79447156 0.79401696 0.78990406 0.7960157
 0.79083306 0.79289    0.7940233  0.79182684 0.791625   0.7914998
 0.7957221  0.79104793 0.79034543 0.7928359  0.7981315  0.7972108
 0.7951826  0.7940375  0.7945115  0.79625154 0.79397845 0.79234725
 0.7958294  0.7906391  0.79041123 0.7933239  0.7988323  0.79791313
 0.7908062  0.7964269  0.79185325 0.794844   0.79501045 0.79782987
 0.791188   0.79873693 0.79547334 0.7910077  0.79478884 0.7935892
 0.7932242  0.7931539  0.795716   0.7918893  0.7923756  0.7916179
 0.7953871  0.7928258  0.7950277  0.791923   0.79318607 0.7903356
 0.7915799  0.7939616  0.7926581  0.7957648  0.7947018  0.79180443
 0.7988482  0.79004335 0.7895201  0.79958546 0.7948014  0.7924402
 0.7917723  0.7963506  0.7927919  0.7927891  0.7967039  0.7915747
 0.7919917  0.796733   0.793427   0.79089373 0.79082435 0.79772896
 0.7992474  0.79671043 0.8035721  0.79754287 0.7959067  0.79675025
 0.80001795 0.79591936 0.79598963 0.7948089  0.7891682  0.7932286
 0.7954838  0.79641056 0.79229176 0.7925712  0.79527974 0.79391396
 0.798211   0.79391426 0.79168487 0.79926866 0.79356414 0.79212934
 0.79314816 0.7930348  0.7883634  0.79204625 0.79774606 0.79166514
 0.78947186 0.7937638  0.788785   0.79775685 0.78927326 0.7993658
 0.7979056  0.7979982 ]
[nltk_data] Downloading package wordnet to /mnt/iusers01/fse-
[nltk_data]     ugpgt01/compsci01/q12628ct/nltk_data...
[nltk_data]   Package wordnet is already up-to-date!
[nltk_data] Downloading package punkt_tab to /mnt/iusers01/fse-
[nltk_data]     ugpgt01/compsci01/q12628ct/nltk_data...
[nltk_data]   Package punkt_tab is already up-to-date!
[nltk_data] Downloading package omw-1.4 to /mnt/iusers01/fse-
[nltk_data]     ugpgt01/compsci01/q12628ct/nltk_data...
[nltk_data]   Package omw-1.4 is already up-to-date!
/mnt/iusers01/fse-ugpgt01/compsci01/q12628ct/.conda/envs/semantic-decoding/lib/python3.10/site-packages/huggingface_hub/file_download.py:945: FutureWarning: `resume_download` is deprecated and will be removed in version 1.0.0. Downloads always resume when possible. If you want to force a new download, use `force_download=True`.
  warnings.warn(
Some weights of the model checkpoint at roberta-large were not used when initializing RobertaModel: ['lm_head.dense.bias', 'lm_head.bias', 'lm_head.layer_norm.bias', 'lm_head.layer_norm.weight', 'lm_head.dense.weight']
- This IS expected if you are initializing RobertaModel from the checkpoint of a model trained on another task or with another architecture (e.g. initializing a BertForSequenceClassification model from a BertForPreTraining model).
- This IS NOT expected if you are initializing RobertaModel from the checkpoint of a model that you expect to be exactly identical (initializing a BertForSequenceClassification model from a BertForSequenceClassification model).
Some weights of RobertaModel were not initialized from the model checkpoint at roberta-large and are newly initialized: ['roberta.pooler.dense.bias', 'roberta.pooler.dense.weight']
You should probably TRAIN this model on a down-stream task to be able to use it for predictions and inference.
echo
WER
[-0.05181116 -0.04808588 -0.07697623 -0.05472691 -0.05519951 -0.06978616
 -0.04887937 -0.05298377 -0.04526066 -0.06235357 -0.05697041 -0.05053881
 -0.04818176 -0.06105836 -0.05358319 -0.04649281 -0.04205972 -0.05667769
 -0.04179298 -0.05568761 -0.0572979  -0.03037638 -0.05667626 -0.05777448
 -0.04755163 -0.05977328 -0.05837467 -0.05081558 -0.04829452 -0.06548774
 -0.06548371 -0.04327503 -0.03627081 -0.04898505 -0.06086628 -0.01696877
 -0.04806851 -0.06255482 -0.05268006 -0.04106598 -0.05437529 -0.0642698
 -0.04515353 -0.04598891 -0.05827836 -0.04758911 -0.0500117  -0.05740417
 -0.06017875 -0.05404621 -0.05797781 -0.0604191  -0.0559605  -0.07054728
 -0.04788152 -0.05676206 -0.05450631 -0.03498735 -0.05654899 -0.04383006
 -0.04082504 -0.0404298  -0.05933494 -0.04289659 -0.06714148 -0.05511961
 -0.0635913  -0.06098463 -0.06527684 -0.05633058 -0.06828316 -0.04536566
 -0.05267844 -0.0397372  -0.0445506  -0.04709636 -0.04032413 -0.04055192
 -0.06200956 -0.05844134 -0.05384812 -0.05386454 -0.04814433 -0.06018982
 -0.05512508 -0.04922562 -0.05642341 -0.05365315 -0.06141185 -0.04731755
 -0.04935174 -0.05220342 -0.06923068 -0.04704297 -0.05105904 -0.05535588
 -0.05278563 -0.05191959 -0.06537241 -0.06341501 -0.06588223 -0.04440727
 -0.04121687 -0.04810024 -0.04575937 -0.05437728 -0.04596015 -0.0541105
 -0.05173319 -0.05294314 -0.06464259 -0.06317181 -0.062986   -0.04480755
 -0.054503   -0.05514276 -0.07408223 -0.05944891 -0.05593726 -0.05223807
 -0.05851299 -0.05144627 -0.02628656 -0.05196    -0.05818051 -0.04314085
 -0.05681381 -0.05148477 -0.05588627 -0.03611666 -0.0452836  -0.05628783
 -0.04369209 -0.05345578 -0.05269525 -0.06220886 -0.05824246 -0.05778308
 -0.05982149 -0.0418121  -0.05319417 -0.06768956 -0.05506305 -0.03187574
 -0.06144786 -0.07402819 -0.05194515 -0.05504131 -0.05158118 -0.05567104
 -0.05077683 -0.05353134 -0.04788769 -0.07160643 -0.05328155 -0.04546682
 -0.04561945 -0.05937891 -0.05273516 -0.04282175 -0.04321188 -0.05302015
 -0.06151608 -0.04665127 -0.03944208 -0.04662617 -0.04723971 -0.04045651
 -0.05343738 -0.05532504 -0.06675162 -0.05454701 -0.02915981 -0.05644541
 -0.06495175 -0.04347988 -0.06187651 -0.06071776 -0.04445982 -0.05556805
 -0.06503518 -0.06695752 -0.05412637 -0.0501119  -0.05356255 -0.05727011
 -0.02944468 -0.04812062 -0.05012766 -0.063537   -0.06253303 -0.04326027
 -0.06102602 -0.06008471 -0.06134488 -0.05952323 -0.05414759 -0.05384912
 -0.06756656 -0.04166803]
echo
BLEU
[0.18332972 0.19144711 0.12327476 0.17223839 0.17744631 0.11352773
 0.1540714  0.14505013 0.18500984 0.17475629 0.18840217 0.14889852
 0.18278276 0.13598541 0.16346659 0.11859843 0.14213354 0.15147917
 0.16308115 0.17107842 0.13832259 0.17412758 0.13791062 0.1618019
 0.18256816 0.16459732 0.13178956 0.12014151 0.15146164 0.15265266
 0.13395356 0.15452837 0.13253221 0.13717699 0.15842935 0.18188863
 0.1599296  0.16445276 0.16524312 0.11974776 0.16426409 0.16972462
 0.16544058 0.16551129 0.11553212 0.19813865 0.14721225 0.13888379
 0.18571218 0.17611275 0.14760149 0.15535671 0.16696214 0.15276929
 0.20341324 0.1558162  0.15581668 0.20856904 0.17593388 0.16341048
 0.14091237 0.18785844 0.14680949 0.1843882  0.12907572 0.14736152
 0.1650949  0.14450615 0.13263408 0.15750807 0.149559   0.17894748
 0.15698099 0.19725615 0.14244655 0.16255489 0.17586483 0.18667576
 0.14993944 0.1306849  0.1563019  0.12821198 0.19778111 0.13948717
 0.16916032 0.12074294 0.14542713 0.17763177 0.18148435 0.16648876
 0.16090982 0.15317425 0.11324651 0.17699665 0.15640222 0.13531402
 0.1458575  0.1766004  0.15094585 0.13310647 0.17032009 0.1981563
 0.15867124 0.17716682 0.16760514 0.14548124 0.15543461 0.15754804
 0.15205232 0.15077332 0.15613221 0.16022202 0.11376403 0.14178574
 0.15934285 0.14847115 0.10758746 0.14549861 0.12437433 0.14296795
 0.16143612 0.15593596 0.17202722 0.16754062 0.17359964 0.17157889
 0.16624279 0.185119   0.1313988  0.20489429 0.17041942 0.13824371
 0.19787752 0.17892971 0.16760509 0.16268593 0.19607382 0.14733527
 0.12382349 0.17393075 0.18151283 0.14144348 0.14099063 0.17619859
 0.16736418 0.15894949 0.16434301 0.133462   0.16169691 0.16005882
 0.15134652 0.11745861 0.19450669 0.14686297 0.18119974 0.1668945
 0.17376414 0.13054604 0.12431127 0.19913076 0.15118588 0.15469721
 0.15291365 0.17040823 0.17254597 0.14729535 0.14334663 0.1807402
 0.18074577 0.15505889 0.20750667 0.14609869 0.20966915 0.15388536
 0.14140861 0.17417093 0.15011486 0.1104901  0.16703611 0.17757948
 0.16505204 0.17804554 0.14264539 0.16282085 0.14350346 0.14979534
 0.20126244 0.13619456 0.16502541 0.13524963 0.13950669 0.16536388
 0.1382524  0.16595149 0.1573801  0.13770569 0.18069439 0.14713789
 0.15974816 0.13685039]
echo
METEOR
[0.12618868 0.12748283 0.08924261 0.12034667 0.11620391 0.06779968
 0.09247454 0.11095963 0.12904119 0.12183049 0.14321953 0.09486352
 0.10614793 0.09223559 0.12046502 0.0828777  0.0941868  0.09436954
 0.09757408 0.11345231 0.08248189 0.10917241 0.07593777 0.10573229
 0.11295616 0.11805692 0.09995016 0.08672796 0.11929741 0.11292043
 0.08811334 0.12410532 0.09291342 0.09693464 0.10972551 0.11594644
 0.10524042 0.12141629 0.09509014 0.09666321 0.10515558 0.11086246
 0.11554071 0.11383303 0.08577459 0.12148102 0.10652708 0.09456671
 0.13532151 0.10552851 0.11514404 0.10923478 0.10616959 0.09971227
 0.12899176 0.11096983 0.1004523  0.15952413 0.11836171 0.0974204
 0.09237099 0.13174231 0.09390132 0.11093909 0.08235257 0.09260938
 0.10822105 0.09446811 0.08754843 0.10926711 0.11598687 0.11880092
 0.10828705 0.12452635 0.09824502 0.12602995 0.10695361 0.12662516
 0.09195638 0.08547441 0.11181134 0.09177225 0.13551263 0.09275343
 0.10425267 0.0866221  0.09343024 0.10703502 0.10717498 0.10358277
 0.10516703 0.10331052 0.10090707 0.11493551 0.10775282 0.09451128
 0.11092703 0.11320234 0.09769573 0.09440651 0.10927194 0.1236794
 0.10937836 0.12502267 0.09642097 0.09920696 0.10536108 0.11519909
 0.09217237 0.11066561 0.10678645 0.10674388 0.09349111 0.08616823
 0.11778611 0.11276034 0.07051885 0.10436235 0.08468264 0.09718086
 0.11646952 0.09694535 0.12128927 0.11423765 0.1264031  0.13088051
 0.11082486 0.1206226  0.09190415 0.11732296 0.10460244 0.09475348
 0.12621342 0.12102734 0.10187576 0.11194356 0.12405753 0.1013703
 0.09761319 0.12212892 0.10965025 0.09221473 0.101277   0.11848197
 0.10257529 0.11352803 0.09636902 0.08727372 0.10186559 0.0987919
 0.11642754 0.07230177 0.11513507 0.09765194 0.1177599  0.11175048
 0.12312609 0.08415136 0.09107333 0.1234783  0.11019962 0.10777445
 0.10145096 0.10879095 0.1065762  0.09716878 0.10130382 0.12370635
 0.13120778 0.09562128 0.13942998 0.10887192 0.13415941 0.09748837
 0.10502427 0.11576068 0.10228171 0.08444326 0.12951661 0.12005439
 0.11019037 0.10295418 0.10469388 0.10404156 0.09882453 0.10521823
 0.14990076 0.09550292 0.11836635 0.0938957  0.09353748 0.11921623
 0.09201056 0.10017116 0.10512585 0.08377636 0.11503595 0.1017378
 0.1267254  0.1080484 ]
echo
BERT
[0.7829854  0.7834618  0.776803   0.7826092  0.7824828  0.7752224
 0.77945894 0.7767218  0.7838392  0.77756727 0.7864917  0.77952284
 0.78321636 0.7807236  0.7794424  0.78106    0.78205955 0.78488064
 0.7818021  0.7807939  0.7824123  0.78397167 0.77892524 0.78203565
 0.7860185  0.7813878  0.7782296  0.7783368  0.78022623 0.78189903
 0.78227895 0.77699095 0.78065884 0.78158915 0.7766841  0.781885
 0.78217167 0.7841022  0.78037393 0.7816663  0.78077364 0.7830339
 0.78348476 0.7789375  0.78106475 0.7849745  0.781111   0.77945423
 0.7845615  0.7826913  0.7821809  0.78141606 0.78529537 0.77858055
 0.787485   0.7802894  0.77843845 0.78893894 0.7832555  0.77785194
 0.7780191  0.78436047 0.7815962  0.78286755 0.77735025 0.78109163
 0.7825121  0.7799195  0.7801695  0.78274465 0.7834707  0.7828487
 0.7847416  0.7809843  0.7831258  0.7771823  0.78272617 0.78013253
 0.7813625  0.7779484  0.7811646  0.7805921  0.78319687 0.7805268
 0.7862046  0.78029627 0.78111017 0.7833635  0.7798669  0.78494275
 0.78806806 0.77971816 0.781607   0.782999   0.7784401  0.78354627
 0.78167576 0.78554267 0.7825198  0.78036714 0.783492   0.7831528
 0.7836398  0.7785533  0.77814686 0.7778806  0.78404516 0.77726245
 0.7837793  0.77980053 0.77916324 0.7824808  0.77669907 0.77781457
 0.78297055 0.77960575 0.7788326  0.77927667 0.77899265 0.77931225
 0.7796611  0.77971977 0.7817905  0.7805479  0.7789792  0.78286546
 0.77867573 0.7842372  0.7773434  0.7796493  0.7857432  0.78526425
 0.7836911  0.78321373 0.7746734  0.78255    0.7793302  0.78164744
 0.7810732  0.7765487  0.777559   0.7791427  0.78077614 0.7795736
 0.77960956 0.7838136  0.7774005  0.77692175 0.7806461  0.7801488
 0.7864877  0.7778285  0.78067976 0.78042835 0.7791431  0.7828294
 0.78235954 0.7820466  0.7796166  0.7849116  0.78099406 0.78507566
 0.7813157  0.77903324 0.7841259  0.77825874 0.77687645 0.7810001
 0.77982867 0.78197277 0.7834456  0.7810525  0.7847579  0.78281903
 0.7817674  0.7809065  0.78036326 0.7785275  0.7798998  0.78300613
 0.7837501  0.7813381  0.78102577 0.7828603  0.78061825 0.78266597
 0.7791582  0.7801977  0.78255844 0.7815159  0.77785194 0.78147835
 0.7803884  0.77843565 0.7813769  0.7803053  0.78683025 0.7810369
 0.7794658  0.7836349 ]
