Job is using 1 GPU(s) with ID(s) 0 and 12 CPU core(s)
torch cuda is available: True
/net/scratch/q12628ct/semantic-decoding/decoding/utils_ridge/interpdata.py:159: RuntimeWarning: invalid value encountered in divide
  val = window * np.sin(np.pi*t) * np.sin(np.pi*t/window) / (np.pi**2 * t**2)
[nltk_data] Downloading package wordnet to /mnt/iusers01/fse-
[nltk_data]     ugpgt01/compsci01/q12628ct/nltk_data...
[nltk_data]   Package wordnet is already up-to-date!
[nltk_data] Downloading package punkt_tab to /mnt/iusers01/fse-
[nltk_data]     ugpgt01/compsci01/q12628ct/nltk_data...
[nltk_data]   Package punkt_tab is already up-to-date!
[nltk_data] Downloading package omw-1.4 to /mnt/iusers01/fse-
[nltk_data]     ugpgt01/compsci01/q12628ct/nltk_data...
[nltk_data]   Package omw-1.4 is already up-to-date!
/mnt/iusers01/fse-ugpgt01/compsci01/q12628ct/.conda/envs/semantic-decoding/lib/python3.10/site-packages/huggingface_hub/file_download.py:945: FutureWarning: `resume_download` is deprecated and will be removed in version 1.0.0. Downloads always resume when possible. If you want to force a new download, use `force_download=True`.
  warnings.warn(
Some weights of the model checkpoint at roberta-large were not used when initializing RobertaModel: ['lm_head.bias', 'lm_head.layer_norm.bias', 'lm_head.dense.weight', 'lm_head.layer_norm.weight', 'lm_head.dense.bias']
- This IS expected if you are initializing RobertaModel from the checkpoint of a model trained on another task or with another architecture (e.g. initializing a BertForSequenceClassification model from a BertForPreTraining model).
- This IS NOT expected if you are initializing RobertaModel from the checkpoint of a model that you expect to be exactly identical (initializing a BertForSequenceClassification model from a BertForSequenceClassification model).
Some weights of RobertaModel were not initialized from the model checkpoint at roberta-large and are newly initialized: ['roberta.pooler.dense.bias', 'roberta.pooler.dense.weight']
You should probably TRAIN this model on a down-stream task to be able to use it for predictions and inference.
wheretheressmoke
WER
[0.03671818 0.04031677 0.03458012 0.03519942 0.03843023 0.04217225
 0.04400871 0.03891621 0.03500305 0.03762129 0.04220032 0.03985389
 0.0411539  0.03851539 0.04012756 0.03845262 0.03614606 0.03753414
 0.03726445 0.04421032 0.04188979 0.03692332 0.03499378 0.03718929
 0.03472078 0.04036391 0.03685302 0.03646542 0.03975244 0.04410674
 0.03996703 0.03353645 0.03884667 0.04084454 0.03948038 0.03793207
 0.03677034 0.03640449 0.04530869 0.0359023  0.04651102 0.03867625
 0.04454881 0.04700432 0.0384061  0.03999327 0.02976184 0.03755009
 0.04053854 0.03714624 0.03918781 0.03611809 0.03755881 0.03539758
 0.03745591 0.04064629 0.03968154 0.03652065 0.0376151  0.04138767
 0.03787259 0.03645942 0.03924706 0.03687893 0.0391978  0.04054114
 0.03491333 0.03913969 0.04104602 0.03829222 0.04210487 0.04134451
 0.03686962 0.03619669 0.03472674 0.03378635 0.03502151 0.03758417
 0.03880045 0.03821075 0.03363426 0.03838401 0.03825864 0.03662885
 0.04057485 0.03768817 0.03732988 0.03991301 0.03955973 0.0332441
 0.03432164 0.04074453 0.03814931 0.03569547 0.04037074 0.03982479
 0.03978092 0.04036646 0.03360611 0.03900269 0.03831994 0.03613415
 0.0427066  0.03421961 0.03819275 0.03929941 0.03400662 0.03991687
 0.03768066 0.03894725 0.03754678 0.03936557 0.03811276 0.03969422
 0.04021999 0.03701151 0.04027744 0.03685801 0.03672441 0.047485
 0.03992454 0.0413559  0.03674999 0.0363273  0.03310846 0.03189972
 0.03606854 0.03785408 0.03330854 0.03460549 0.0378676  0.03506896
 0.03907414 0.04253609 0.03349631 0.03684216 0.03713767 0.03813151
 0.0407474  0.03497687 0.03210349 0.03743304 0.03994822 0.04078904
 0.04356244 0.03267902 0.03852895 0.03867431 0.04225738 0.03536464
 0.03988547 0.03907196 0.0352927  0.03860847 0.03830364 0.0381224
 0.04086423 0.0385904  0.04061337 0.03565629 0.03535226 0.03606771
 0.03780107 0.03976494 0.04057735 0.03923584 0.03908116 0.03733123
 0.03328194 0.03465227 0.04499742 0.03486348 0.03779699 0.0378109
 0.04004348 0.03065492 0.0330853  0.03385772 0.03928763 0.03219578
 0.03918778 0.04054938 0.03360552 0.03888199 0.03940744 0.03777112
 0.03993578 0.03622076 0.03970569 0.04060522 0.03606195 0.03556343
 0.03370575 0.03635924 0.04372767 0.0334317  0.0422646  0.04117688
 0.04039117 0.03656385]
wheretheressmoke
BLEU
[0.1974299  0.19062878 0.1966026  0.18574861 0.18732457 0.19901371
 0.1976149  0.19552559 0.18886334 0.17424778 0.19689298 0.20147126
 0.20086649 0.18824439 0.192267   0.19560559 0.19623643 0.18843638
 0.19233475 0.19293297 0.18982333 0.18934582 0.19150191 0.19795216
 0.19166566 0.19510297 0.18984051 0.19766053 0.18840848 0.19274157
 0.20230749 0.19337908 0.19991223 0.19232074 0.18690979 0.18723691
 0.19133746 0.18997638 0.2043294  0.191727   0.20629056 0.19187697
 0.20277687 0.20835085 0.18916822 0.18900823 0.18264327 0.19353296
 0.19193612 0.1969858  0.19515594 0.19406763 0.19777458 0.18187404
 0.19681317 0.20679648 0.19193823 0.1911511  0.18995652 0.19876556
 0.20295333 0.17774499 0.18294885 0.18378735 0.19238524 0.19167032
 0.18424803 0.1935593  0.18987842 0.19721598 0.19827192 0.19225932
 0.19399092 0.18636352 0.19483529 0.18651597 0.19354626 0.1866745
 0.19757452 0.20496942 0.19283727 0.1856209  0.18660863 0.17925803
 0.1931189  0.19300664 0.18993666 0.19529704 0.18674252 0.18520135
 0.18599725 0.19410737 0.19957821 0.18888297 0.1913939  0.19838578
 0.19278057 0.19333603 0.19124939 0.19637464 0.18131416 0.18600124
 0.21143719 0.18944399 0.20139037 0.19244181 0.18609196 0.18577328
 0.18135446 0.19489217 0.19048868 0.19262891 0.19273495 0.19477703
 0.19481639 0.1831285  0.19180716 0.18664456 0.18896961 0.19264852
 0.19423429 0.19603687 0.19598225 0.18532372 0.1811633  0.18360104
 0.19679688 0.18969473 0.1827656  0.192365   0.19357481 0.18008655
 0.20219144 0.19969652 0.19538551 0.19572744 0.18630307 0.18584092
 0.19825407 0.19106295 0.16760034 0.19018851 0.19042294 0.20382513
 0.20293845 0.17486946 0.19224573 0.19065344 0.19811349 0.19017213
 0.19704151 0.19047547 0.1934666  0.19534554 0.18837587 0.19006267
 0.20674729 0.19271173 0.19232105 0.18968653 0.19156734 0.19244096
 0.18934702 0.1967822  0.20319139 0.18997815 0.18718715 0.19617713
 0.18974409 0.18647373 0.19105942 0.18692349 0.19910049 0.18474049
 0.19671949 0.18242195 0.19027032 0.18248049 0.19739014 0.18956275
 0.19854293 0.18538732 0.188046   0.17855001 0.19310229 0.19579144
 0.1968025  0.19427108 0.20322243 0.19425752 0.19442855 0.18659673
 0.19241012 0.20486084 0.20539635 0.17498389 0.19994559 0.19177827
 0.1938514  0.18643951]
wheretheressmoke
METEOR
[0.14325601 0.13958728 0.14358929 0.13496789 0.13470801 0.14385939
 0.14580207 0.1374169  0.13646917 0.12768737 0.14348003 0.14028605
 0.14237611 0.13720525 0.14309113 0.14207631 0.14106361 0.14197894
 0.14079393 0.13859898 0.13681667 0.13808656 0.14075694 0.13918869
 0.1434614  0.14003323 0.13798036 0.14118477 0.13270333 0.14140192
 0.14679783 0.14078969 0.14739171 0.14244314 0.13378479 0.135541
 0.1367721  0.14241408 0.14689691 0.13965259 0.15249936 0.13922814
 0.14542741 0.14658812 0.13700844 0.13452164 0.13335399 0.13923047
 0.13823073 0.14281639 0.14411135 0.13594595 0.14314954 0.13700838
 0.13897733 0.14857116 0.13857785 0.13784074 0.14072464 0.14211777
 0.14509278 0.13289194 0.13427625 0.13381704 0.14078759 0.13961619
 0.13357269 0.13705723 0.14073678 0.13834518 0.14203249 0.13959377
 0.14257188 0.1355495  0.14122152 0.13314621 0.13966981 0.1368313
 0.1437916  0.14525801 0.13768921 0.1365942  0.13796926 0.13519595
 0.1409377  0.13954126 0.13424898 0.13983548 0.14091475 0.13512546
 0.1321128  0.14271971 0.14435991 0.14050035 0.13974876 0.14056371
 0.13988491 0.1403881  0.14110044 0.13501872 0.13036068 0.13890484
 0.14322253 0.13471113 0.14658091 0.13665805 0.13392154 0.13585356
 0.13206102 0.13993809 0.1365057  0.13868583 0.14162245 0.14248348
 0.13876353 0.13303733 0.13664033 0.13782537 0.13575405 0.13996087
 0.13844154 0.13901758 0.14430715 0.13507853 0.1293646  0.1353938
 0.13848911 0.13920957 0.13108094 0.13485855 0.14149315 0.12972088
 0.14205435 0.14421434 0.13949393 0.14243521 0.13557114 0.1378858
 0.14243467 0.13846537 0.12895403 0.13644573 0.13600098 0.14751465
 0.14765105 0.13089892 0.13802435 0.13547867 0.14216275 0.13840099
 0.13896586 0.13735191 0.1426854  0.13983798 0.1360202  0.13723089
 0.14496928 0.14068717 0.14016575 0.13771822 0.14218583 0.13864405
 0.14176268 0.13689533 0.14365085 0.13693578 0.14090963 0.13860966
 0.13817465 0.13403088 0.13765919 0.13415247 0.1429113  0.13127573
 0.14003469 0.13543511 0.13449309 0.12951487 0.14147181 0.13205179
 0.13748517 0.1342639  0.13277033 0.12743058 0.1421466  0.13703228
 0.14357327 0.13901094 0.14423015 0.14260911 0.13942649 0.13427018
 0.14009886 0.14090042 0.14823691 0.13003376 0.145527   0.13511651
 0.13577909 0.13595163]
wheretheressmoke
BERT
[0.7910132  0.78797644 0.79051584 0.78996706 0.78965616 0.791418
 0.79281276 0.7890299  0.78918475 0.78790003 0.7906907  0.7903727
 0.7913042  0.790553   0.79077935 0.7907072  0.792345   0.7891536
 0.7903267  0.788861   0.7890584  0.7890896  0.7906535  0.7919035
 0.79067355 0.7918222  0.78927046 0.7890339  0.78951293 0.79137635
 0.7911688  0.79006976 0.79168355 0.7911986  0.7883952  0.7904886
 0.78980535 0.7914845  0.79071677 0.7882603  0.79099023 0.7903375
 0.7925959  0.7926153  0.79001564 0.78976166 0.7897883  0.7918916
 0.789702   0.79173577 0.79093844 0.7889203  0.7899401  0.78974044
 0.7895732  0.79055643 0.7889272  0.7910748  0.7902406  0.7905375
 0.79135287 0.7888317  0.7887349  0.79000026 0.78930146 0.7915057
 0.7897488  0.7903299  0.7896281  0.7904182  0.79306185 0.791667
 0.78983957 0.78885853 0.789873   0.78934044 0.7901741  0.7880255
 0.7903728  0.7906174  0.79005253 0.7893444  0.78902525 0.79051626
 0.7910678  0.7886529  0.79156107 0.7891907  0.7906956  0.789593
 0.791193   0.7882817  0.7908366  0.7902481  0.7888541  0.78968865
 0.78984785 0.78989214 0.78993523 0.7891217  0.7884582  0.7901015
 0.78944576 0.78985447 0.78992945 0.7892773  0.78925806 0.7893111
 0.7903027  0.78964704 0.7917651  0.7909925  0.7914689  0.79148567
 0.7899483  0.7905271  0.79025996 0.7897     0.7898084  0.79109097
 0.78828657 0.7908752  0.78991526 0.7889734  0.78889894 0.7893011
 0.79142267 0.79253334 0.7890364  0.78817016 0.79125565 0.7895856
 0.7902148  0.7895792  0.7907808  0.7902747  0.7901638  0.7914086
 0.79125255 0.7916505  0.7897841  0.7907658  0.7900901  0.79062563
 0.7926525  0.78697735 0.78968835 0.7890543  0.78915876 0.7891867
 0.7892773  0.7904107  0.7889271  0.7908778  0.79025775 0.790416
 0.7916289  0.7913399  0.78776646 0.78912073 0.79159266 0.7895602
 0.79024535 0.7883105  0.78973836 0.78933537 0.7881381  0.7908369
 0.79096425 0.7891823  0.789636   0.7890544  0.79141426 0.7898912
 0.7910013  0.78838325 0.7879173  0.78877586 0.789445   0.78823155
 0.79019254 0.7897844  0.7889078  0.78801805 0.78939736 0.79053026
 0.7904988  0.790074   0.7895001  0.7896684  0.7904186  0.78968996
 0.78944874 0.789553   0.7904099  0.78997684 0.7920424  0.7902803
 0.7898562  0.78934765]
