Job is using 1 GPU(s) with ID(s) 0 and 8 CPU core(s)
torch cuade is available: True
[nltk_data] Downloading package wordnet to /mnt/iusers01/fse-
[nltk_data]     ugpgt01/compsci01/q12628ct/nltk_data...
[nltk_data]   Package wordnet is already up-to-date!
[nltk_data] Downloading package punkt_tab to /mnt/iusers01/fse-
[nltk_data]     ugpgt01/compsci01/q12628ct/nltk_data...
[nltk_data]   Package punkt_tab is already up-to-date!
[nltk_data] Downloading package omw-1.4 to /mnt/iusers01/fse-
[nltk_data]     ugpgt01/compsci01/q12628ct/nltk_data...
[nltk_data]   Package omw-1.4 is already up-to-date!
/mnt/iusers01/fse-ugpgt01/compsci01/q12628ct/.conda/envs/semantic-decoding/lib/python3.10/site-packages/huggingface_hub/file_download.py:945: FutureWarning: `resume_download` is deprecated and will be removed in version 1.0.0. Downloads always resume when possible. If you want to force a new download, use `force_download=True`.
  warnings.warn(
Some weights of the model checkpoint at roberta-large were not used when initializing RobertaModel: ['lm_head.layer_norm.bias', 'lm_head.bias', 'lm_head.dense.weight', 'lm_head.layer_norm.weight', 'lm_head.dense.bias']
- This IS expected if you are initializing RobertaModel from the checkpoint of a model trained on another task or with another architecture (e.g. initializing a BertForSequenceClassification model from a BertForPreTraining model).
- This IS NOT expected if you are initializing RobertaModel from the checkpoint of a model that you expect to be exactly identical (initializing a BertForSequenceClassification model from a BertForSequenceClassification model).
Some weights of RobertaModel were not initialized from the model checkpoint at roberta-large and are newly initialized: ['roberta.pooler.dense.weight', 'roberta.pooler.dense.bias']
You should probably TRAIN this model on a down-stream task to be able to use it for predictions and inference.
alpha
WER
[-0.17267274 -0.19160279 -0.20450056 -0.18379041 -0.20126969 -0.20239885
 -0.21327088 -0.21566627 -0.17552673 -0.18472178 -0.21662917 -0.18187559
 -0.19281276 -0.22160971 -0.171543   -0.19373102 -0.16372572 -0.19082448
 -0.1698542  -0.1849152  -0.15182014 -0.170384   -0.1623157  -0.19563817
 -0.19428399 -0.21687081 -0.19962358 -0.15922138 -0.17828369 -0.18923252
 -0.15770561 -0.17186788 -0.15645046 -0.19343097 -0.1871621  -0.20598492
 -0.18897836 -0.19710525 -0.1861915  -0.15313584 -0.18616999 -0.19545293
 -0.19489757 -0.2034475  -0.2166284  -0.18830305 -0.20894587 -0.19644811
 -0.16035529 -0.16441367 -0.19443306 -0.18941709 -0.16032678 -0.18974768
 -0.1958298  -0.19192112 -0.19595943 -0.19773523 -0.16202595 -0.17928366
 -0.17572133 -0.18188277 -0.17126613 -0.19322344 -0.18879273 -0.17771372
 -0.17320959 -0.20079464 -0.19170602 -0.18141145 -0.17687649 -0.18506734
 -0.21397542 -0.17752203 -0.18704911 -0.17851097 -0.18930595 -0.19602268
 -0.1742886  -0.19329193 -0.22706831 -0.17666947 -0.17643558 -0.18000879
 -0.21087102 -0.19376048 -0.20417767 -0.18388205 -0.19630421 -0.21549712
 -0.19435623 -0.20252894 -0.16870834 -0.15751345 -0.20002386 -0.16620742
 -0.1947957  -0.18709337 -0.21511527 -0.1604231  -0.16286379 -0.20838915
 -0.19594173 -0.18744532 -0.17347917 -0.18102341 -0.17628536 -0.206628
 -0.19556957 -0.19276752 -0.18706048 -0.15050805 -0.17491844 -0.17763679
 -0.18756908 -0.17599865 -0.21918778 -0.17209647 -0.19585162 -0.20680299
 -0.2050001  -0.20635627 -0.19261573 -0.18600096 -0.21314233 -0.18526422
 -0.16245473 -0.18649969 -0.18127472 -0.18307832 -0.18404913 -0.1881936
 -0.17887548 -0.20116065 -0.17716651 -0.17995828 -0.17574919 -0.18124567
 -0.17987517 -0.17485042 -0.19433446 -0.19088187 -0.18034166 -0.17031108
 -0.17643934 -0.18182272 -0.16532977 -0.17197196 -0.21591439 -0.18452852
 -0.15068744 -0.18804777 -0.18441023 -0.17426606 -0.21210043 -0.1897826
 -0.17599158 -0.19090058 -0.20058971 -0.18824897 -0.17647197 -0.19982482
 -0.16901067 -0.1934016  -0.18245709 -0.18656601 -0.2004809  -0.17571876
 -0.17456163 -0.16738665 -0.21232768 -0.18935309 -0.1618771  -0.18241401
 -0.20359766 -0.19890048 -0.18106826 -0.18526245 -0.17696893 -0.17793216
 -0.16773484 -0.21620448 -0.20224112 -0.19233912 -0.18583252 -0.17957297
 -0.21386204 -0.18255002 -0.1604417  -0.16118876 -0.20105735 -0.18954693
 -0.18283567 -0.180153   -0.18444401 -0.19357924 -0.18644251 -0.19169269
 -0.15432535 -0.19201772]
alpha
BLEU
[0.19399316 0.18487243 0.17659596 0.18364813 0.15614211 0.14896729
 0.13288963 0.1298443  0.17800311 0.1959701  0.1261276  0.20379861
 0.17364213 0.11227051 0.17886985 0.20435239 0.24050053 0.15949805
 0.23602727 0.16442631 0.22173583 0.20888655 0.22018911 0.15405251
 0.14471186 0.09879553 0.18304665 0.2288413  0.19795799 0.20107946
 0.22737275 0.26477548 0.24435551 0.18441327 0.22507007 0.17974911
 0.14469244 0.15155598 0.18972644 0.22895531 0.17683125 0.18960934
 0.19916053 0.15136959 0.14278835 0.18672562 0.15885972 0.21089899
 0.21343073 0.23001311 0.13793189 0.20926786 0.20978282 0.19149855
 0.1694057  0.21567023 0.21206426 0.20879466 0.20768725 0.20359641
 0.19967668 0.19133814 0.24153764 0.20965158 0.18067204 0.1972829
 0.1683849  0.17143319 0.16175292 0.20007721 0.20170871 0.17109885
 0.10948381 0.21483976 0.16958284 0.20065869 0.18927836 0.1768996
 0.20105448 0.1866237  0.11001492 0.15088978 0.23058873 0.20948307
 0.12569672 0.2123915  0.17399233 0.17300672 0.15677022 0.15709896
 0.14843421 0.16362375 0.20298122 0.2149558  0.14205058 0.20290053
 0.17995547 0.19471548 0.1444482  0.22483508 0.21044887 0.14055455
 0.17510246 0.21579967 0.21919823 0.19341828 0.19197396 0.15028279
 0.15103087 0.18523232 0.18978237 0.22198985 0.17087902 0.19282995
 0.17909148 0.18323226 0.16066759 0.20027573 0.16965396 0.14974508
 0.14574318 0.12275727 0.19201569 0.21010908 0.10852503 0.21004729
 0.21497118 0.18079163 0.19938078 0.21957298 0.19405301 0.17534592
 0.16024845 0.16288181 0.21062512 0.20975241 0.20071234 0.17029035
 0.18405344 0.21351375 0.1359235  0.17532652 0.19392629 0.17794087
 0.19129919 0.21078603 0.22701683 0.18373415 0.11071553 0.21805526
 0.17648695 0.17154621 0.16241175 0.21084647 0.1483688  0.14331495
 0.24036843 0.16266864 0.15299726 0.17144723 0.21831055 0.18756151
 0.20798907 0.17626544 0.20171567 0.18320239 0.13085938 0.20402469
 0.18763886 0.20071137 0.18349635 0.17733441 0.22345273 0.20406508
 0.21973626 0.19297659 0.19874994 0.17249712 0.17351363 0.19118488
 0.19043186 0.14121828 0.14640155 0.17659862 0.14573411 0.19068037
 0.14953104 0.1555783  0.20432125 0.22523084 0.16802683 0.21685054
 0.17965598 0.20505383 0.20008611 0.17635691 0.17033396 0.14519027
 0.24380973 0.15528695]
alpha
METEOR
[0.15354133 0.14616854 0.12593758 0.15110398 0.1226995  0.12110362
 0.10043101 0.12770501 0.1312365  0.14213248 0.09542055 0.15718185
 0.13550883 0.08733653 0.15562102 0.16181286 0.18228784 0.13199641
 0.15982026 0.12929896 0.15963818 0.15591828 0.16940986 0.12055703
 0.11495617 0.0878927  0.1426909  0.16283367 0.1494112  0.13854832
 0.17706048 0.19781959 0.18323899 0.14377013 0.15047997 0.14049611
 0.11006717 0.1392503  0.14754028 0.18696958 0.1246269  0.1424986
 0.15023068 0.10501094 0.11149646 0.1504095  0.1248531  0.15472511
 0.16085165 0.18574075 0.11490636 0.15082699 0.13794826 0.14172649
 0.13418775 0.16849741 0.14926377 0.15400691 0.15795811 0.13827823
 0.13855383 0.14124904 0.15963643 0.14134075 0.15237653 0.14467412
 0.12210928 0.12288934 0.15026135 0.15337304 0.15561201 0.12827094
 0.09394724 0.15568524 0.13193465 0.1445934  0.12419919 0.1331721
 0.150839   0.14355663 0.10061269 0.11632281 0.1687606  0.14988694
 0.09549618 0.16993914 0.14160444 0.11460561 0.11448855 0.12066328
 0.1074874  0.1255777  0.14072401 0.15914191 0.12355587 0.1573666
 0.15342445 0.15380888 0.10130758 0.16777232 0.15156075 0.10676961
 0.12768417 0.16426697 0.1808748  0.15258335 0.14966494 0.11932072
 0.13767279 0.14800155 0.14375613 0.17920439 0.16047951 0.12612281
 0.12767435 0.14214666 0.12832302 0.14500193 0.13327464 0.09697159
 0.10667047 0.10068523 0.17691772 0.1655503  0.08718056 0.14558763
 0.16098243 0.1530795  0.1614628  0.15634983 0.14462291 0.12156265
 0.13738967 0.1225307  0.13998994 0.15136906 0.16685637 0.12678268
 0.12421443 0.15982073 0.10720856 0.13323721 0.13447963 0.12975584
 0.14213843 0.15536517 0.16485311 0.13898436 0.10680879 0.14783002
 0.12944832 0.13975837 0.12784212 0.15942657 0.10946856 0.11813309
 0.18551109 0.10837915 0.14217511 0.13447518 0.15003471 0.14321879
 0.14059578 0.13017732 0.15946184 0.12124505 0.11405647 0.14427029
 0.15285758 0.14568445 0.15308667 0.13128448 0.16620907 0.15000527
 0.16372067 0.1368887  0.14437971 0.11982492 0.13626783 0.14955185
 0.15930924 0.10976646 0.11473734 0.15024016 0.10436543 0.14420711
 0.12257343 0.13370897 0.15359472 0.18879688 0.13300402 0.1715865
 0.15169448 0.13954821 0.1490559  0.12575085 0.13736187 0.10309643
 0.1702551  0.12344216]
alpha
BERT
[0.7976812  0.79403955 0.7916041  0.794692   0.7902076  0.7916187
 0.79101545 0.79153514 0.78928113 0.7968082  0.7914921  0.79407865
 0.7922627  0.78965324 0.7951826  0.7979945  0.7916278  0.7906526
 0.7935012  0.790022   0.7930988  0.8005898  0.79319614 0.79203635
 0.78802395 0.7907741  0.7916973  0.7993224  0.79225725 0.79896665
 0.79597753 0.79810447 0.7990853  0.79908204 0.7941762  0.79828143
 0.79322886 0.7971755  0.79870784 0.7949788  0.7937119  0.79382575
 0.79351556 0.789337   0.79323    0.79244447 0.79649055 0.7925933
 0.79297453 0.7928279  0.79001254 0.7881324  0.79811347 0.7953022
 0.79385525 0.7939294  0.790878   0.7956666  0.79854363 0.79657775
 0.79276985 0.7956606  0.7935687  0.7935224  0.794322   0.79502076
 0.7941767  0.7931598  0.7899915  0.7906156  0.7981607  0.79304516
 0.7914896  0.7974887  0.7943855  0.79576427 0.7942681  0.795605
 0.79500747 0.79376936 0.79479635 0.79142624 0.79792035 0.79404265
 0.78874373 0.7936413  0.7938246  0.7922166  0.7928832  0.79230666
 0.79400414 0.78904927 0.79308504 0.7947779  0.792029   0.79249936
 0.79218227 0.7960013  0.79059184 0.79302615 0.79485583 0.7890832
 0.79492617 0.7946336  0.7981279  0.79096055 0.79672974 0.7913824
 0.79464906 0.7934149  0.79663265 0.7946097  0.79193664 0.7918197
 0.7896908  0.7929789  0.79462165 0.7992764  0.79032296 0.792138
 0.791144   0.7915629  0.7954952  0.7953982  0.79441    0.7958528
 0.791148   0.7870571  0.7928303  0.7934036  0.79559344 0.793938
 0.79603976 0.792698   0.792709   0.79707515 0.7979152  0.79516816
 0.79357964 0.7963267  0.78943664 0.7941444  0.79419744 0.79222023
 0.7930676  0.801034   0.7954886  0.7914462  0.7933227  0.7978152
 0.791998   0.7942318  0.79285717 0.7956231  0.7910228  0.79135585
 0.79674464 0.7964023  0.78851944 0.7928059  0.79336053 0.79281735
 0.7924399  0.79458135 0.7946209  0.7874124  0.7920484  0.79111767
 0.7926324  0.7935754  0.79899627 0.7945719  0.8000916  0.79470026
 0.7932325  0.7944604  0.7958785  0.79388183 0.79607105 0.79420525
 0.7920589  0.7816421  0.79315215 0.7941016  0.7948987  0.79074615
 0.793741   0.79489887 0.7962093  0.7991654  0.7982681  0.79698616
 0.7988873  0.7937282  0.79285365 0.80097973 0.79670334 0.7918122
 0.7986561  0.79501605]
[nltk_data] Downloading package wordnet to /mnt/iusers01/fse-
[nltk_data]     ugpgt01/compsci01/q12628ct/nltk_data...
[nltk_data]   Package wordnet is already up-to-date!
[nltk_data] Downloading package punkt_tab to /mnt/iusers01/fse-
[nltk_data]     ugpgt01/compsci01/q12628ct/nltk_data...
[nltk_data]   Package punkt_tab is already up-to-date!
[nltk_data] Downloading package omw-1.4 to /mnt/iusers01/fse-
[nltk_data]     ugpgt01/compsci01/q12628ct/nltk_data...
[nltk_data]   Package omw-1.4 is already up-to-date!
/mnt/iusers01/fse-ugpgt01/compsci01/q12628ct/.conda/envs/semantic-decoding/lib/python3.10/site-packages/huggingface_hub/file_download.py:945: FutureWarning: `resume_download` is deprecated and will be removed in version 1.0.0. Downloads always resume when possible. If you want to force a new download, use `force_download=True`.
  warnings.warn(
Some weights of the model checkpoint at roberta-large were not used when initializing RobertaModel: ['lm_head.layer_norm.weight', 'lm_head.layer_norm.bias', 'lm_head.dense.bias', 'lm_head.dense.weight', 'lm_head.bias']
- This IS expected if you are initializing RobertaModel from the checkpoint of a model trained on another task or with another architecture (e.g. initializing a BertForSequenceClassification model from a BertForPreTraining model).
- This IS NOT expected if you are initializing RobertaModel from the checkpoint of a model that you expect to be exactly identical (initializing a BertForSequenceClassification model from a BertForSequenceClassification model).
Some weights of RobertaModel were not initialized from the model checkpoint at roberta-large and are newly initialized: ['roberta.pooler.dense.bias', 'roberta.pooler.dense.weight']
You should probably TRAIN this model on a down-stream task to be able to use it for predictions and inference.
bravo
WER
[-0.02745212 -0.04149283 -0.02730772 -0.01110005 -0.04014826 -0.04549144
 -0.05169698 -0.03913983 -0.03268198 -0.03292504 -0.02411244 -0.03004941
  0.00188708 -0.03713241 -0.01286562 -0.01509781 -0.02744148 -0.02732931
 -0.03095569 -0.03033403 -0.03786318 -0.03590315 -0.0200669  -0.00940977
 -0.05467055 -0.01720258 -0.04157312 -0.01554117 -0.03975704 -0.0297957
 -0.01068012 -0.03709182 -0.0158815  -0.03239911 -0.03390391 -0.04447631
 -0.00985755 -0.02531861 -0.04885703 -0.00986923 -0.04444181 -0.03364645
 -0.04190134 -0.0459782  -0.02679697 -0.03385167 -0.03124027 -0.02186035
 -0.00618316 -0.03766884 -0.03859286 -0.03835444 -0.02685305 -0.06160178
 -0.03114437 -0.04034515 -0.02374172 -0.02622725 -0.03876453 -0.03876733
 -0.03864601 -0.0276849  -0.01809368 -0.04413749 -0.02662647 -0.03356892
 -0.03162364 -0.02506051 -0.02451486 -0.02777459 -0.02317164 -0.04354595
 -0.01853106 -0.01402426 -0.03316248 -0.03129276 -0.04525697 -0.04443354
 -0.03828024 -0.0361311  -0.05381656 -0.02675895 -0.01797317 -0.02294604
 -0.04199255 -0.03299861 -0.03876621 -0.02470073 -0.02614919 -0.02942132
 -0.03545035 -0.03903381 -0.03371678 -0.04057303 -0.00975054 -0.02435508
 -0.0161573  -0.03717855 -0.0207868  -0.01519558 -0.04086513 -0.03483783
 -0.04256094 -0.0480224  -0.03727228 -0.00659449  0.00138445 -0.0143033
 -0.01161182 -0.02373169 -0.02290877 -0.04306043 -0.04401512 -0.01307226
 -0.010841   -0.04391714 -0.02279743 -0.02301123 -0.03866782 -0.02835044
 -0.03552216 -0.02468326 -0.03648732 -0.04164503 -0.04862052 -0.0245481
 -0.05934689 -0.03271352 -0.0362382  -0.05114147 -0.02370791 -0.02000129
 -0.03246051 -0.03329075 -0.02190764 -0.03630386 -0.03938372 -0.02416986
 -0.03360215 -0.02351563 -0.03062029 -0.03270037 -0.01764934 -0.0356841
 -0.03970857 -0.00329394 -0.02263381 -0.04255204 -0.03278104 -0.0198546
 -0.03004337 -0.03812691 -0.03918237 -0.01817801 -0.03983397 -0.03118281
 -0.03812836 -0.0317101  -0.00432284 -0.03577426 -0.03381778 -0.00986185
 -0.04025685 -0.02168329 -0.04341948 -0.03818784 -0.02505158 -0.04448595
 -0.03733589 -0.04135349 -0.0105751   0.00901902 -0.01760214 -0.03906925
 -0.04054152 -0.02057114 -0.02891695 -0.02986913 -0.05004817 -0.04477293
 -0.01107941 -0.03456418 -0.03752087 -0.03914823 -0.03002711 -0.05014726
 -0.03555848 -0.03275163 -0.03213755 -0.02543883 -0.0455917  -0.04756674
 -0.02564215 -0.02571816 -0.03015106 -0.02834348 -0.01656761 -0.02528975
 -0.03648913 -0.02952994]
bravo
BLEU
[0.2363993  0.16683803 0.1843823  0.22090624 0.20612292 0.19730127
 0.14694425 0.16438767 0.19785997 0.26448808 0.21209785 0.24390564
 0.20548433 0.20050916 0.23060893 0.27932025 0.21793336 0.20294626
 0.18273325 0.22356271 0.21468829 0.22287526 0.23737286 0.2144559
 0.1500249  0.25237697 0.19115288 0.21622221 0.22516485 0.16930687
 0.2770247  0.20642169 0.2252051  0.22248629 0.21103423 0.19348169
 0.26163907 0.25185735 0.15777652 0.22621199 0.17377397 0.177007
 0.17697216 0.18809997 0.28154051 0.21649581 0.23890685 0.26326394
 0.24333561 0.2195112  0.1982376  0.1658272  0.25404474 0.18411232
 0.19743473 0.16206617 0.19181468 0.23133251 0.18941559 0.21688965
 0.17877607 0.20808046 0.27378418 0.2079264  0.23041642 0.15852392
 0.24935889 0.22553355 0.17214302 0.20020329 0.24078499 0.19667173
 0.19186629 0.2443182  0.21770723 0.19854459 0.16818219 0.12957979
 0.20098545 0.16645    0.16128754 0.16187774 0.22384996 0.21135081
 0.20445554 0.21177111 0.16392839 0.2451806  0.2248838  0.20743428
 0.19871027 0.244415   0.21595739 0.20714851 0.26351911 0.22984751
 0.22481915 0.21092662 0.21306042 0.24335907 0.19987333 0.19317864
 0.22043545 0.18039441 0.19958706 0.24196218 0.22861416 0.18253974
 0.23345297 0.23506996 0.2496158  0.15958643 0.19839892 0.20747501
 0.21140806 0.1866636  0.22125926 0.19592287 0.20571222 0.21386945
 0.20740009 0.21783335 0.15629203 0.21011441 0.1325552  0.27663007
 0.12235494 0.19052736 0.20389304 0.14734973 0.18939138 0.22092175
 0.19444087 0.23915532 0.23383759 0.19599705 0.25722035 0.22422272
 0.20518853 0.20228681 0.20511759 0.2362219  0.219873   0.22330667
 0.17342769 0.22602895 0.24548609 0.1690116  0.2136266  0.19527649
 0.25189947 0.18700745 0.12449623 0.2348762  0.20115218 0.22556471
 0.1751566  0.22719089 0.22228825 0.22054129 0.21661455 0.23705294
 0.15763186 0.20509869 0.17297947 0.19637534 0.2206253  0.18301524
 0.20753105 0.15202648 0.2472317  0.2536301  0.20552846 0.23582985
 0.22062375 0.18839362 0.22531386 0.20850572 0.21591011 0.21212708
 0.23172084 0.22304716 0.20965621 0.16489015 0.19961433 0.20642447
 0.20135597 0.19687596 0.16852175 0.22837806 0.18206508 0.21481003
 0.16167174 0.23154525 0.22786077 0.22616701 0.21078813 0.22355056
 0.20019106 0.21740685]
bravo
METEOR
[0.14971958 0.13051843 0.13869642 0.13771796 0.15112556 0.13566245
 0.10000175 0.09520565 0.14773743 0.17271872 0.13437119 0.18041531
 0.13417872 0.14021928 0.14988421 0.18307838 0.13975484 0.13279909
 0.1216947  0.15239831 0.13951093 0.14073041 0.15974716 0.15251284
 0.13420135 0.15978125 0.12575826 0.13756338 0.16651301 0.11269569
 0.18532027 0.13679413 0.16144327 0.15856769 0.13943574 0.13950387
 0.16233542 0.1759426  0.11014454 0.16256855 0.11556318 0.13474279
 0.13550776 0.1254245  0.17860432 0.16690505 0.14151812 0.1619472
 0.17407526 0.16398779 0.13294984 0.11379984 0.17342903 0.10671777
 0.12710479 0.11602564 0.12156521 0.15683272 0.13223641 0.14151921
 0.11987622 0.15556187 0.17867207 0.15237769 0.1613805  0.10659217
 0.17118899 0.14598876 0.1269587  0.13634015 0.1659938  0.13028438
 0.13657153 0.17008003 0.14798858 0.15228823 0.11331003 0.10225949
 0.13723586 0.12652571 0.11356509 0.11974434 0.14669333 0.14119363
 0.12970735 0.1446644  0.10605599 0.15667238 0.15661106 0.14415317
 0.13317529 0.14963703 0.14003    0.14440295 0.17954018 0.16153184
 0.16417606 0.1391592  0.15644966 0.17147847 0.13012648 0.13820819
 0.14013974 0.12428734 0.12387932 0.15359716 0.14245523 0.14025585
 0.16351791 0.16739797 0.16682807 0.12396537 0.12975939 0.13551006
 0.14942077 0.12013203 0.14231893 0.13176952 0.13225649 0.14198995
 0.13453879 0.1588411  0.12832906 0.1507517  0.090404   0.18159326
 0.10142678 0.12460731 0.13356239 0.10412836 0.12600015 0.14924983
 0.11988793 0.16164579 0.15968321 0.13474687 0.1707299  0.13879884
 0.13529416 0.14704622 0.14354286 0.15182765 0.15325964 0.14411623
 0.1101856  0.15595811 0.17808089 0.10216324 0.13336445 0.13865224
 0.16798226 0.12175888 0.08532792 0.15851337 0.1274678  0.15724194
 0.12221701 0.14854804 0.14445745 0.15133549 0.13592406 0.15999436
 0.1197192  0.1471977  0.12885993 0.13289843 0.15819008 0.13472996
 0.13688898 0.11234828 0.16870681 0.17655289 0.13045253 0.14611335
 0.1528643  0.14219182 0.1439796  0.14057453 0.14215461 0.13659496
 0.14965771 0.15699744 0.13511412 0.11337756 0.16167779 0.14341507
 0.15791726 0.1246228  0.10792402 0.17369477 0.12281467 0.13999564
 0.11999633 0.17286632 0.16304636 0.15136334 0.16111215 0.14773191
 0.13922587 0.13796583]
bravo
BERT
[0.80545145 0.80139107 0.8041153  0.8003094  0.8070968  0.804701
 0.8016565  0.7994894  0.8098256  0.8057467  0.80578834 0.80704033
 0.80109835 0.7964712  0.8090905  0.8104014  0.8051808  0.8058372
 0.8047743  0.80572295 0.8039781  0.80556375 0.80739117 0.80496484
 0.80614483 0.8032573  0.80205554 0.8050773  0.8034986  0.7987424
 0.80603606 0.805253   0.80734813 0.8023988  0.80083996 0.8040347
 0.80440336 0.80826306 0.800565   0.8055581  0.801754   0.80563474
 0.80374366 0.80943    0.80864066 0.80199283 0.80620825 0.80666447
 0.80680865 0.8051915  0.80926615 0.80472535 0.806112   0.8013259
 0.8034777  0.7982828  0.8066624  0.8111584  0.8123419  0.810827
 0.80729777 0.80254865 0.80934197 0.8091308  0.8053015  0.8002084
 0.8050215  0.80197954 0.8069843  0.80461735 0.8120986  0.80528194
 0.8036803  0.8116268  0.8027425  0.8038668  0.8022754  0.8003066
 0.8050008  0.8031785  0.7985367  0.8021526  0.8017862  0.8113927
 0.8020915  0.8077243  0.8023564  0.8068461  0.80799747 0.8035998
 0.8043553  0.8066282  0.8057716  0.8100064  0.8052879  0.8055523
 0.8077187  0.8085347  0.8016096  0.8055886  0.8091748  0.8088324
 0.8112055  0.802164   0.80604154 0.8046427  0.804069   0.8075908
 0.8077265  0.8095197  0.80259836 0.8056186  0.80549324 0.80478007
 0.80586463 0.80180675 0.80613524 0.80158585 0.79889464 0.80254245
 0.80331075 0.80457085 0.80119807 0.8035212  0.8024577  0.80410504
 0.800931   0.7966549  0.800724   0.7989381  0.8013222  0.80722845
 0.80235803 0.8032824  0.8049207  0.8045047  0.8067491  0.8077684
 0.8001642  0.8011164  0.8023063  0.80633694 0.81115824 0.80329
 0.8046487  0.8069861  0.807788   0.800759   0.8036625  0.8097016
 0.8061087  0.79828334 0.79755074 0.80549294 0.80868626 0.80814844
 0.80290025 0.8040264  0.80996126 0.80182105 0.8058105  0.81078535
 0.80323195 0.81042963 0.8049313  0.8022199  0.8078309  0.8016482
 0.80066186 0.8003668  0.8043654  0.8065799  0.8063784  0.8029178
 0.8070259  0.8046608  0.8037028  0.8069363  0.80837035 0.80855924
 0.8038867  0.8013866  0.8085813  0.8011644  0.80395055 0.8055169
 0.80446124 0.8006292  0.80626893 0.80966735 0.8053811  0.80620456
 0.8072153  0.8041044  0.81107616 0.8102437  0.80559343 0.8021486
 0.8058603  0.8171627 ]
[nltk_data] Downloading package wordnet to /mnt/iusers01/fse-
[nltk_data]     ugpgt01/compsci01/q12628ct/nltk_data...
[nltk_data]   Package wordnet is already up-to-date!
[nltk_data] Downloading package punkt_tab to /mnt/iusers01/fse-
[nltk_data]     ugpgt01/compsci01/q12628ct/nltk_data...
[nltk_data]   Package punkt_tab is already up-to-date!
[nltk_data] Downloading package omw-1.4 to /mnt/iusers01/fse-
[nltk_data]     ugpgt01/compsci01/q12628ct/nltk_data...
[nltk_data]   Package omw-1.4 is already up-to-date!
/mnt/iusers01/fse-ugpgt01/compsci01/q12628ct/.conda/envs/semantic-decoding/lib/python3.10/site-packages/huggingface_hub/file_download.py:945: FutureWarning: `resume_download` is deprecated and will be removed in version 1.0.0. Downloads always resume when possible. If you want to force a new download, use `force_download=True`.
  warnings.warn(
Some weights of the model checkpoint at roberta-large were not used when initializing RobertaModel: ['lm_head.layer_norm.bias', 'lm_head.dense.weight', 'lm_head.dense.bias', 'lm_head.bias', 'lm_head.layer_norm.weight']
- This IS expected if you are initializing RobertaModel from the checkpoint of a model trained on another task or with another architecture (e.g. initializing a BertForSequenceClassification model from a BertForPreTraining model).
- This IS NOT expected if you are initializing RobertaModel from the checkpoint of a model that you expect to be exactly identical (initializing a BertForSequenceClassification model from a BertForSequenceClassification model).
Some weights of RobertaModel were not initialized from the model checkpoint at roberta-large and are newly initialized: ['roberta.pooler.dense.weight', 'roberta.pooler.dense.bias']
You should probably TRAIN this model on a down-stream task to be able to use it for predictions and inference.
charlie
WER
[-0.14831225 -0.14155885 -0.12961631 -0.12274964 -0.13498532 -0.14144708
 -0.14022118 -0.13922599 -0.1389098  -0.13398048 -0.13972286 -0.13011494
 -0.13877708 -0.14255203 -0.1288052  -0.13682664 -0.13379932 -0.13071609
 -0.16398234 -0.14024961 -0.12694627 -0.13857317 -0.14489649 -0.13878202
 -0.14017739 -0.12998422 -0.14988325 -0.15293361 -0.1594114  -0.12374846
 -0.1220513  -0.13164603 -0.13116326 -0.14031996 -0.13678212 -0.13916308
 -0.14791629 -0.13912203 -0.13202819 -0.13548351 -0.14391269 -0.12815895
 -0.14420861 -0.14528845 -0.14895808 -0.13246683 -0.13541798 -0.12653558
 -0.15513949 -0.12227741 -0.13663571 -0.13845516 -0.13851244 -0.12212742
 -0.1453401  -0.12710346 -0.12365581 -0.1158764  -0.13545261 -0.12914123
 -0.13298869 -0.13082998 -0.16177686 -0.11463246 -0.13757832 -0.14107992
 -0.14030958 -0.1291832  -0.13408537 -0.14834326 -0.1403064  -0.13935772
 -0.12158339 -0.14775088 -0.15970618 -0.13164391 -0.13934591 -0.12838878
 -0.15033039 -0.13149445 -0.12757213 -0.1391288  -0.11718442 -0.15392751
 -0.12271048 -0.14233644 -0.13357704 -0.1423904  -0.13996373 -0.12314815
 -0.13012207 -0.13198126 -0.14857986 -0.13084718 -0.14686287 -0.1257411
 -0.15514476 -0.13062564 -0.13967173 -0.13807945 -0.14163761 -0.12979042
 -0.14481638 -0.13550154 -0.11022094 -0.14564193 -0.12014615 -0.15370882
 -0.14724841 -0.13929265 -0.13990767 -0.14663076 -0.13457162 -0.13979694
 -0.13774016 -0.14083328 -0.12706521 -0.12290362 -0.14127078 -0.13373587
 -0.13358129 -0.14097688 -0.11292239 -0.13401027 -0.12031989 -0.13809987
 -0.14749035 -0.11031214 -0.11262463 -0.13198375 -0.14452434 -0.1410244
 -0.13815912 -0.12517447 -0.13534966 -0.11611642 -0.14679182 -0.12336085
 -0.13724584 -0.13801943 -0.12697356 -0.12687541 -0.14785331 -0.12810022
 -0.13649518 -0.14901002 -0.13196306 -0.14929137 -0.12906052 -0.12829399
 -0.13890575 -0.15055456 -0.13550218 -0.13970192 -0.12735447 -0.1454198
 -0.13784738 -0.13055593 -0.1503203  -0.13910759 -0.13714238 -0.12796662
 -0.14055795 -0.11624097 -0.14798547 -0.13074142 -0.13966366 -0.14566957
 -0.14201653 -0.14335309 -0.12733279 -0.13752424 -0.16346084 -0.12981987
 -0.14013144 -0.14410051 -0.14382077 -0.12126246 -0.1379172  -0.1515586
 -0.11291124 -0.14705822 -0.12832466 -0.13530064 -0.14691638 -0.12378659
 -0.13828229 -0.12695884 -0.15031548 -0.14203432 -0.12926453 -0.14021136
 -0.14214984 -0.1448217  -0.14079815 -0.12154597 -0.13404374 -0.11148141
 -0.15844156 -0.14864666]
charlie
BLEU
[0.19330591 0.18085615 0.18158715 0.18467949 0.17771526 0.20195227
 0.19060678 0.18406254 0.18909359 0.17842537 0.17021951 0.19468003
 0.18419169 0.17412192 0.19168967 0.17656051 0.19015422 0.17559967
 0.16669893 0.18398673 0.20380279 0.17469387 0.16722674 0.17484529
 0.19692393 0.20807395 0.16853896 0.17439611 0.14544288 0.19223181
 0.18994508 0.16008502 0.2197391  0.19088688 0.21487701 0.21037766
 0.15693678 0.1615137  0.17769557 0.18943712 0.16137606 0.17301186
 0.14013802 0.18003446 0.1574339  0.19183549 0.17350292 0.17763013
 0.16174549 0.19080435 0.19758747 0.18351017 0.18170027 0.23638985
 0.19089914 0.19096917 0.20421417 0.20086843 0.20005935 0.18965636
 0.18345843 0.18069645 0.13956297 0.21669416 0.17095024 0.15348602
 0.16895011 0.20158943 0.17596048 0.15632006 0.19139352 0.21501681
 0.20038375 0.18789389 0.11763547 0.17710144 0.20788777 0.207408
 0.19058666 0.18063313 0.14976299 0.16687317 0.2094323  0.15518514
 0.17765951 0.16791179 0.19233882 0.15266304 0.18818568 0.16114565
 0.15503452 0.16624729 0.2174991  0.15546892 0.16090235 0.16146716
 0.17237221 0.19723673 0.1791499  0.15787505 0.1661519  0.22210792
 0.16188462 0.20632685 0.19167253 0.17027109 0.22196125 0.15883465
 0.19205423 0.19965828 0.15998503 0.18057281 0.18525916 0.19260889
 0.17576624 0.18299691 0.17809578 0.17328835 0.17386676 0.17675103
 0.19981442 0.14677419 0.22322016 0.20237155 0.2205107  0.18237591
 0.15764285 0.20883574 0.21325246 0.20376146 0.18937156 0.18727067
 0.15206658 0.1888774  0.18459684 0.20232608 0.17005419 0.19194562
 0.18304076 0.18025273 0.19482087 0.17412584 0.14600306 0.17786279
 0.15883895 0.15856084 0.1815202  0.17737716 0.17003745 0.21762078
 0.20095575 0.15844191 0.1888662  0.17155174 0.17535381 0.1795106
 0.1674863  0.19173632 0.13189485 0.19325156 0.17360235 0.22059024
 0.16795808 0.20184466 0.1731074  0.20632348 0.17180772 0.15609856
 0.17273911 0.16269923 0.20446475 0.16961128 0.13414958 0.15107077
 0.16475046 0.21070223 0.18008123 0.20400938 0.18553357 0.14092224
 0.19411798 0.19510127 0.19683449 0.16219606 0.1957306  0.2170253
 0.1689756  0.18257265 0.14997616 0.19400641 0.17993785 0.20452818
 0.17629688 0.1656671  0.18612283 0.18888316 0.17628428 0.18432158
 0.14410918 0.15942982]
charlie
METEOR
[0.15750851 0.14534885 0.13269064 0.17281293 0.13714413 0.14316058
 0.15145539 0.15319602 0.14027277 0.13255518 0.16339203 0.15020966
 0.15509721 0.13574018 0.15737854 0.15207329 0.15488757 0.1401323
 0.14614921 0.1529058  0.15572911 0.14745521 0.12796664 0.1466916
 0.15332048 0.17408787 0.12884735 0.12915678 0.15136624 0.14796458
 0.16551175 0.13880053 0.16355818 0.1757606  0.17397554 0.16418392
 0.12809482 0.12769405 0.13557947 0.13854205 0.1402921  0.15063025
 0.12869868 0.1600044  0.13201102 0.16594079 0.14367719 0.15645544
 0.12208328 0.15940157 0.1467949  0.15600684 0.14905489 0.18134753
 0.14363725 0.16708285 0.16415736 0.16005646 0.14917509 0.16008765
 0.15868879 0.15274231 0.13566646 0.17691793 0.14989255 0.12216665
 0.13137738 0.18157657 0.14392422 0.13109905 0.15484248 0.18286083
 0.15510283 0.13601068 0.11294229 0.13479452 0.17936912 0.14726925
 0.13909987 0.14823364 0.11926587 0.14841543 0.16306568 0.13132308
 0.14430069 0.15127793 0.14686883 0.13472118 0.17698879 0.14159648
 0.13443551 0.13739627 0.16670899 0.12478627 0.13944843 0.12830007
 0.12315809 0.17465302 0.13412043 0.12473472 0.12935937 0.1735372
 0.13331803 0.17805378 0.14535751 0.13944795 0.18480319 0.12246343
 0.1599831  0.13900859 0.14447296 0.15444204 0.1566017  0.16218291
 0.13558226 0.13945418 0.14774743 0.13783475 0.14168431 0.14091256
 0.16675017 0.12702201 0.16985342 0.16178237 0.16397053 0.1332143
 0.13084979 0.17442082 0.18212866 0.1678737  0.16024209 0.15389991
 0.14806499 0.13721603 0.15362261 0.17190761 0.13357824 0.13991876
 0.16261565 0.14733045 0.14391138 0.13420498 0.12036939 0.1414096
 0.13449849 0.12778358 0.14946866 0.15540553 0.14537642 0.15670815
 0.16056304 0.1335627  0.14592242 0.14691997 0.1239282  0.14895178
 0.13994206 0.15035849 0.10438582 0.15575134 0.14153554 0.18140621
 0.13689622 0.18081365 0.14109208 0.14938505 0.14994168 0.13682457
 0.14021344 0.14477432 0.15499322 0.14987701 0.1106275  0.12239552
 0.11597863 0.1527161  0.14149171 0.17079389 0.14534975 0.12096782
 0.15704475 0.1381426  0.15549248 0.1553447  0.1406878  0.15246961
 0.13980628 0.14923059 0.1453443  0.144049   0.14069681 0.15936274
 0.13009616 0.14148884 0.1400975  0.14271464 0.14067486 0.15756526
 0.11346819 0.11738009]
charlie
BERT
[0.7869459  0.77995926 0.78805786 0.78565246 0.78240204 0.7836778
 0.7908657  0.7898607  0.78453285 0.7860988  0.790314   0.7830303
 0.7850932  0.7809762  0.7872482  0.7848867  0.7845744  0.7811686
 0.7848012  0.78725404 0.78619796 0.7854561  0.7834504  0.78352636
 0.78377736 0.7895541  0.78540504 0.7794815  0.7921111  0.7838878
 0.78874856 0.78385216 0.7882599  0.7839027  0.78542393 0.7832875
 0.7807851  0.7852305  0.782111   0.7877653  0.7854911  0.7933802
 0.77893883 0.7838515  0.78761494 0.7861541  0.7832665  0.7836358
 0.78215754 0.7852238  0.7799389  0.78834647 0.7834937  0.78842896
 0.7865556  0.7872258  0.78096807 0.7963851  0.79111016 0.78569067
 0.784496   0.78171504 0.7877096  0.78460765 0.781219   0.7839978
 0.78705966 0.78623635 0.78203166 0.7836627  0.78292054 0.7856156
 0.7868216  0.7837511  0.784964   0.7860189  0.7834001  0.78504
 0.7851304  0.78635335 0.7818263  0.78087866 0.7855276  0.7843857
 0.78575164 0.7785039  0.7878781  0.7806058  0.79053396 0.7828932
 0.78204346 0.7805413  0.786475   0.7811664  0.7866546  0.7870225
 0.774811   0.78265774 0.784059   0.788697   0.7873752  0.7912927
 0.7794846  0.78058505 0.7829535  0.78426605 0.78350747 0.78127354
 0.78670764 0.7880516  0.7816725  0.79213005 0.791678   0.7847331
 0.7878955  0.7827684  0.7837856  0.77935106 0.7875409  0.78381914
 0.78734475 0.7895888  0.7841334  0.78423953 0.7905209  0.78206754
 0.78230304 0.7915322  0.787268   0.78533864 0.7839991  0.7849066
 0.7832224  0.78312933 0.7865984  0.78698134 0.7802281  0.7815593
 0.7873227  0.7849005  0.7882011  0.7887457  0.77733624 0.7826405
 0.783523   0.7809579  0.78264105 0.7925138  0.7816409  0.78298175
 0.78487325 0.78878134 0.78222203 0.7866815  0.7830479  0.78314406
 0.78653455 0.786541   0.78368133 0.7833987  0.7839772  0.7876639
 0.787773   0.79210067 0.78007257 0.7903312  0.78154486 0.7848172
 0.7848192  0.7840067  0.7868521  0.7814353  0.78705204 0.78198254
 0.7880543  0.781937   0.7881509  0.7847692  0.78601676 0.78292096
 0.7847587  0.7835152  0.7888085  0.7899129  0.78310794 0.78311807
 0.7928752  0.7826123  0.78160924 0.78231186 0.7829714  0.7870712
 0.7828223  0.7805327  0.7892592  0.7871741  0.78232545 0.78323615
 0.78573245 0.7810992 ]
[nltk_data] Downloading package wordnet to /mnt/iusers01/fse-
[nltk_data]     ugpgt01/compsci01/q12628ct/nltk_data...
[nltk_data]   Package wordnet is already up-to-date!
[nltk_data] Downloading package punkt_tab to /mnt/iusers01/fse-
[nltk_data]     ugpgt01/compsci01/q12628ct/nltk_data...
[nltk_data]   Package punkt_tab is already up-to-date!
[nltk_data] Downloading package omw-1.4 to /mnt/iusers01/fse-
[nltk_data]     ugpgt01/compsci01/q12628ct/nltk_data...
[nltk_data]   Package omw-1.4 is already up-to-date!
/mnt/iusers01/fse-ugpgt01/compsci01/q12628ct/.conda/envs/semantic-decoding/lib/python3.10/site-packages/huggingface_hub/file_download.py:945: FutureWarning: `resume_download` is deprecated and will be removed in version 1.0.0. Downloads always resume when possible. If you want to force a new download, use `force_download=True`.
  warnings.warn(
Some weights of the model checkpoint at roberta-large were not used when initializing RobertaModel: ['lm_head.layer_norm.weight', 'lm_head.layer_norm.bias', 'lm_head.bias', 'lm_head.dense.bias', 'lm_head.dense.weight']
- This IS expected if you are initializing RobertaModel from the checkpoint of a model trained on another task or with another architecture (e.g. initializing a BertForSequenceClassification model from a BertForPreTraining model).
- This IS NOT expected if you are initializing RobertaModel from the checkpoint of a model that you expect to be exactly identical (initializing a BertForSequenceClassification model from a BertForSequenceClassification model).
Some weights of RobertaModel were not initialized from the model checkpoint at roberta-large and are newly initialized: ['roberta.pooler.dense.bias', 'roberta.pooler.dense.weight']
You should probably TRAIN this model on a down-stream task to be able to use it for predictions and inference.
delta
WER
[-0.14773483 -0.16982935 -0.14861173 -0.1662805  -0.14783626 -0.14403658
 -0.12431587 -0.14510978 -0.16017826 -0.14099667 -0.14603286 -0.15450458
 -0.1629163  -0.16502797 -0.16389383 -0.12281494 -0.17464007 -0.18128663
 -0.15924564 -0.14373686 -0.16523726 -0.14627536 -0.14523728 -0.17864843
 -0.15874175 -0.14746845 -0.13416997 -0.16556552 -0.16382472 -0.14046269
 -0.15834101 -0.16853995 -0.13687008 -0.15485255 -0.1450376  -0.15204807
 -0.17684436 -0.14610616 -0.13147209 -0.14430651 -0.14920542 -0.15690154
 -0.13471844 -0.16850216 -0.14776313 -0.1785764  -0.14354139 -0.16077371
 -0.15778375 -0.15737613 -0.14697729 -0.14607286 -0.16805016 -0.14568955
 -0.14527365 -0.15703653 -0.15556703 -0.14450543 -0.15656969 -0.13096094
 -0.16282442 -0.15049341 -0.17906934 -0.15229473 -0.14591472 -0.14860147
 -0.17915283 -0.17849745 -0.12685038 -0.12416084 -0.16756833 -0.15559426
 -0.1684285  -0.16274055 -0.16229332 -0.14534859 -0.18095357 -0.13458393
 -0.14954382 -0.1514838  -0.13319927 -0.16673564 -0.15520764 -0.12707905
 -0.15921747 -0.14128553 -0.14754547 -0.15125106 -0.14595907 -0.13729694
 -0.12724599 -0.1574432  -0.141635   -0.14012953 -0.15838942 -0.16442464
 -0.12458485 -0.13597732 -0.17206634 -0.13745744 -0.16394758 -0.17491285
 -0.14048456 -0.18464515 -0.17863928 -0.14855729 -0.13868076 -0.13720532
 -0.17469819 -0.15161441 -0.17598567 -0.13685995 -0.14301154 -0.1708673
 -0.13464175 -0.15146462 -0.16873133 -0.148405   -0.16312245 -0.16048624
 -0.15163116 -0.13163465 -0.15643265 -0.15603552 -0.15528048 -0.15955954
 -0.13491363 -0.15921779 -0.16236623 -0.13245717 -0.14923805 -0.17641436
 -0.16771321 -0.15128995 -0.14491968 -0.14571438 -0.14806557 -0.14447851
 -0.15714059 -0.17515275 -0.14334614 -0.14385213 -0.16196504 -0.14592302
 -0.15206313 -0.15854655 -0.13114015 -0.16553876 -0.17406375 -0.14302173
 -0.15803808 -0.16842866 -0.15403988 -0.14705611 -0.1152813  -0.14359452
 -0.14023308 -0.13692666 -0.13312839 -0.16571119 -0.12896879 -0.17959689
 -0.16141339 -0.15419151 -0.12183426 -0.1674831  -0.16717188 -0.14070228
 -0.15669564 -0.14410418 -0.1294739  -0.15311378 -0.16364016 -0.16074548
 -0.15547359 -0.16391412 -0.17207289 -0.15897498 -0.17570103 -0.136923
 -0.18037425 -0.15782034 -0.16462637 -0.15517177 -0.15351683 -0.13503346
 -0.15606998 -0.12335612 -0.16385448 -0.15236353 -0.15938535 -0.14302232
 -0.14903212 -0.12418002 -0.15432532 -0.15207362 -0.13896676 -0.14895841
 -0.17011807 -0.13752763]
delta
BLEU
[0.17796837 0.17405613 0.17513271 0.1555826  0.19995856 0.19324498
 0.22214513 0.18691222 0.17825392 0.24006674 0.16797728 0.17739704
 0.18671211 0.1377906  0.18905792 0.23730096 0.15604867 0.15158601
 0.17644606 0.19014684 0.15162577 0.21294569 0.21249445 0.16012427
 0.16867661 0.14604647 0.21764667 0.17653274 0.13824136 0.19735804
 0.19591459 0.15268276 0.24628861 0.17853298 0.19715708 0.232631
 0.16184125 0.21858258 0.20665903 0.19247434 0.16890578 0.21913607
 0.20459062 0.17640925 0.19230983 0.1422694  0.18910542 0.15206742
 0.17335408 0.18371014 0.17437434 0.19598351 0.19281582 0.2232688
 0.20469885 0.19050559 0.15348126 0.20453528 0.16633679 0.2015971
 0.21047652 0.16557268 0.18025813 0.20069163 0.18782086 0.19367255
 0.15341377 0.12580066 0.2328194  0.1758574  0.20487737 0.16576098
 0.14430639 0.21939153 0.16273201 0.18642565 0.13806354 0.21232282
 0.17773721 0.21270851 0.17962927 0.15375232 0.18500045 0.18112037
 0.15829625 0.21720247 0.19357792 0.23685496 0.20232929 0.16797803
 0.19526351 0.17837305 0.20628846 0.20181455 0.1769017  0.15629936
 0.17544806 0.18288075 0.1726033  0.17273038 0.19321137 0.15169529
 0.18003607 0.177326   0.17421436 0.22028827 0.2215791  0.22513703
 0.14300014 0.18745749 0.16498172 0.19960797 0.20996092 0.14954774
 0.18232407 0.21607028 0.19247253 0.20676468 0.16387166 0.20910998
 0.17277217 0.20463002 0.22690144 0.20471808 0.17734678 0.16839441
 0.20324953 0.16962449 0.16808104 0.22531159 0.1698436  0.13148394
 0.13138011 0.20807636 0.19257907 0.18258437 0.21304731 0.17231171
 0.14198084 0.20541539 0.18014833 0.17941588 0.18257697 0.20063715
 0.20702721 0.17434477 0.2413838  0.17283368 0.1526049  0.18556164
 0.14215946 0.11975841 0.15851664 0.17121494 0.20429828 0.18233999
 0.19929616 0.1458905  0.19841164 0.14198911 0.20418676 0.15913891
 0.2070553  0.19831731 0.23270936 0.18485879 0.19715901 0.21719562
 0.19293459 0.21381288 0.17100049 0.19547296 0.21734913 0.17499901
 0.22435584 0.16788485 0.15834652 0.19435263 0.12364226 0.20109979
 0.20862741 0.17552415 0.20564686 0.2143852  0.18840146 0.16102936
 0.14986063 0.19841141 0.17788431 0.2326232  0.18808008 0.21169125
 0.16848709 0.19503147 0.20079743 0.17450889 0.19351393 0.13919425
 0.14545667 0.199123  ]
delta
METEOR
[0.14968644 0.14797186 0.14279457 0.13448498 0.16146144 0.16646595
 0.19205104 0.15895009 0.13637706 0.17887535 0.1505876  0.14818713
 0.13680758 0.104348   0.15343991 0.20258132 0.12964344 0.12327979
 0.14591365 0.14169171 0.1342118  0.15720034 0.1811039  0.13513132
 0.1344238  0.12917436 0.18401899 0.1381279  0.11664199 0.16356085
 0.14780098 0.12669837 0.183182   0.1513156  0.16668578 0.17485433
 0.14289112 0.17531711 0.15783755 0.15433874 0.16166878 0.1708085
 0.17485229 0.15540569 0.15543226 0.13091306 0.15540008 0.12212566
 0.15159733 0.15500225 0.1476516  0.17993583 0.14907338 0.17506252
 0.16105486 0.15900136 0.12469858 0.1627525  0.13678209 0.15536213
 0.18363481 0.1472967  0.14029664 0.17300177 0.16321448 0.15335328
 0.12328373 0.11154995 0.19240655 0.16699911 0.17396457 0.12874004
 0.12194012 0.21077699 0.13619613 0.15838011 0.11680171 0.18058907
 0.15166163 0.16141328 0.14654917 0.12454055 0.15180462 0.15286794
 0.12045644 0.15672638 0.17569665 0.18750761 0.19255241 0.15899834
 0.14000504 0.14431697 0.16600259 0.18545056 0.15506062 0.14533377
 0.1451119  0.15967402 0.13103455 0.15545385 0.16661808 0.12362369
 0.16551466 0.14260688 0.14500258 0.16765122 0.16740874 0.18344951
 0.10712889 0.15158754 0.13781438 0.17509867 0.17647089 0.12211285
 0.14453272 0.18592793 0.17291671 0.15782953 0.14562798 0.16470393
 0.15302887 0.14041015 0.18890227 0.15946379 0.16557024 0.14841381
 0.157539   0.12578503 0.12648696 0.17333291 0.13263185 0.11285081
 0.12864877 0.15525422 0.15387319 0.14310832 0.16864887 0.14815213
 0.11641965 0.15281004 0.14049311 0.14716847 0.17178563 0.15193982
 0.17306954 0.14949329 0.19111335 0.1448059  0.14444432 0.16061859
 0.12324692 0.09688448 0.14541981 0.12869934 0.16691557 0.16369625
 0.16866165 0.11832745 0.16307688 0.13273108 0.18656199 0.11779455
 0.14639686 0.15302706 0.20342023 0.15150787 0.16489732 0.17019001
 0.17128706 0.18364896 0.1576822  0.15661037 0.17140928 0.1574866
 0.16571453 0.12960164 0.11923228 0.15309226 0.12414364 0.14823983
 0.1753023  0.16697021 0.15993771 0.16348716 0.13588453 0.13997013
 0.11579055 0.17448432 0.14671413 0.17475724 0.15866376 0.15161618
 0.13336108 0.17762783 0.13812041 0.13007039 0.14075208 0.11758576
 0.1357344  0.16111161]
delta
BERT
[0.80351883 0.7952692  0.8036741  0.79987454 0.8055192  0.79397696
 0.802275   0.79611623 0.80275065 0.80180097 0.8015657  0.80512303
 0.8012164  0.795848   0.79587483 0.80771524 0.7964877  0.79285777
 0.79295385 0.80396616 0.7916424  0.8071566  0.80184925 0.79237354
 0.8066542  0.7975165  0.80756664 0.79642326 0.7999423  0.8067359
 0.80761355 0.7969699  0.80545545 0.79765755 0.80778986 0.80729496
 0.8000586  0.8018087  0.80625683 0.7946101  0.80567664 0.80540264
 0.8018968  0.79736775 0.79778045 0.79702824 0.8011108  0.7957911
 0.7954336  0.80014616 0.80752957 0.803354   0.8014553  0.8070755
 0.8018832  0.79605335 0.79870176 0.8016973  0.7932686  0.8024759
 0.80361074 0.80436194 0.792229   0.79873306 0.80155796 0.7969017
 0.79760176 0.7912065  0.8130721  0.7968327  0.8088498  0.79552525
 0.7968206  0.8041284  0.7950365  0.7990729  0.79522777 0.8040427
 0.8022784  0.8006224  0.79870635 0.79566973 0.8031887  0.79874665
 0.7968025  0.8019212  0.7966128  0.8062292  0.8075891  0.79705626
 0.80710036 0.8001112  0.80031437 0.80885035 0.8020829  0.79806733
 0.80335057 0.80058956 0.7945111  0.796839   0.8033401  0.7924813
 0.80194825 0.79383373 0.79862225 0.8054853  0.80466396 0.8053469
 0.79717773 0.7934633  0.8031221  0.799256   0.8079111  0.7979443
 0.8016568  0.80109656 0.80114776 0.7979459  0.79380614 0.8015384
 0.79543006 0.80594784 0.79862905 0.7966665  0.805377   0.7973374
 0.8101606  0.7969113  0.7919516  0.80468655 0.7933413  0.79631585
 0.79121715 0.8090603  0.792029   0.79941577 0.8058799  0.80181724
 0.79689026 0.80997646 0.7959746  0.79831314 0.7995904  0.80433434
 0.80174476 0.79876643 0.8046609  0.8011126  0.8036247  0.79483527
 0.79320246 0.79184157 0.797548   0.80093884 0.79989856 0.80333424
 0.8004439  0.79487425 0.8044939  0.79087776 0.7986599  0.7945422
 0.8071354  0.8029928  0.81104904 0.7958417  0.8041485  0.8066811
 0.80936164 0.80028385 0.8011292  0.8054389  0.8072297  0.795511
 0.80384755 0.7992816  0.79406154 0.7972082  0.794031   0.8037528
 0.7971198  0.798778   0.7993207  0.80600536 0.8036307  0.79645467
 0.79422295 0.80067295 0.79831314 0.81151396 0.81112736 0.80994046
 0.79569596 0.80265313 0.80612713 0.8023839  0.79771936 0.7964432
 0.79625225 0.80351925]
[nltk_data] Downloading package wordnet to /mnt/iusers01/fse-
[nltk_data]     ugpgt01/compsci01/q12628ct/nltk_data...
[nltk_data]   Package wordnet is already up-to-date!
[nltk_data] Downloading package punkt_tab to /mnt/iusers01/fse-
[nltk_data]     ugpgt01/compsci01/q12628ct/nltk_data...
[nltk_data]   Package punkt_tab is already up-to-date!
[nltk_data] Downloading package omw-1.4 to /mnt/iusers01/fse-
[nltk_data]     ugpgt01/compsci01/q12628ct/nltk_data...
[nltk_data]   Package omw-1.4 is already up-to-date!
/mnt/iusers01/fse-ugpgt01/compsci01/q12628ct/.conda/envs/semantic-decoding/lib/python3.10/site-packages/huggingface_hub/file_download.py:945: FutureWarning: `resume_download` is deprecated and will be removed in version 1.0.0. Downloads always resume when possible. If you want to force a new download, use `force_download=True`.
  warnings.warn(
Some weights of the model checkpoint at roberta-large were not used when initializing RobertaModel: ['lm_head.dense.bias', 'lm_head.bias', 'lm_head.dense.weight', 'lm_head.layer_norm.bias', 'lm_head.layer_norm.weight']
- This IS expected if you are initializing RobertaModel from the checkpoint of a model trained on another task or with another architecture (e.g. initializing a BertForSequenceClassification model from a BertForPreTraining model).
- This IS NOT expected if you are initializing RobertaModel from the checkpoint of a model that you expect to be exactly identical (initializing a BertForSequenceClassification model from a BertForSequenceClassification model).
Some weights of RobertaModel were not initialized from the model checkpoint at roberta-large and are newly initialized: ['roberta.pooler.dense.bias', 'roberta.pooler.dense.weight']
You should probably TRAIN this model on a down-stream task to be able to use it for predictions and inference.
echo
WER
[-0.05295721 -0.04795119 -0.05637341 -0.06059068 -0.04287741 -0.06155074
 -0.04462632 -0.06598089 -0.04699808 -0.05774648 -0.05571251 -0.04430051
 -0.04515636 -0.06390833 -0.05734233 -0.05289903 -0.03838209 -0.05213236
 -0.05266941 -0.06023155 -0.05379344 -0.05782602 -0.0443338  -0.0565149
 -0.04860013 -0.06136039 -0.05013986 -0.06635887 -0.0568559  -0.04523321
 -0.05190555 -0.05218339 -0.03542568 -0.0421667  -0.06036012 -0.06610737
 -0.04936621 -0.03665544 -0.03787696 -0.05515085 -0.05810221 -0.05280812
 -0.06038292 -0.04704617 -0.05142189 -0.05978187 -0.04680352 -0.05818521
 -0.04698665 -0.04163675 -0.05596608 -0.06401259 -0.05213534 -0.0520716
 -0.05245633 -0.0517764  -0.05819191 -0.05183985 -0.04863838 -0.04805996
 -0.06868578 -0.0322779  -0.04612375 -0.05395981 -0.05932362 -0.05509101
 -0.04407677 -0.05893337 -0.06031616 -0.03564128 -0.05399701 -0.06232826
 -0.04517344 -0.04925095 -0.04227694 -0.05302433 -0.07390739 -0.05456107
 -0.0478657  -0.06085034 -0.06028665 -0.06362947 -0.03786255 -0.05992645
 -0.06249047 -0.0313074  -0.05205322 -0.05692921 -0.04494178 -0.0627304
 -0.06755561 -0.04987906 -0.04607229 -0.06303728 -0.05742083 -0.05207904
 -0.06445949 -0.04043371 -0.06398586 -0.02688939 -0.04073899 -0.04271058
 -0.06798012 -0.05389783 -0.06867025 -0.05161025 -0.05456896 -0.07588062
 -0.05054283 -0.06647958 -0.05676987 -0.05811787 -0.05462701 -0.05148905
 -0.0395053  -0.05526251 -0.05295235 -0.0569856  -0.06549205 -0.05135106
 -0.04473049 -0.05000849 -0.04291537 -0.06758194 -0.04367814 -0.06621885
 -0.04795534 -0.06191634 -0.06480938 -0.07491527 -0.06046874 -0.0674181
 -0.06072148 -0.05113505 -0.03334553 -0.0479759  -0.0613927  -0.05175617
 -0.03246936 -0.0526994  -0.04950843 -0.03700809 -0.02949279 -0.05619038
 -0.05668376 -0.0463185  -0.07353104 -0.05392038 -0.04803722 -0.04954023
 -0.05915375 -0.04749933 -0.05245108 -0.04478077 -0.03934229 -0.04852575
 -0.04811848 -0.03428515 -0.03761262 -0.06903975 -0.06014686 -0.05826808
 -0.05686212 -0.04491492 -0.05860782 -0.03917059 -0.04624594 -0.06186799
 -0.05779661 -0.04565835 -0.06006683 -0.04741895 -0.04710531 -0.06898368
 -0.0544671  -0.04536469 -0.05225374 -0.05976042 -0.06900334 -0.05200928
 -0.06159474 -0.04745158 -0.04753683 -0.04925421 -0.06312777 -0.06403319
 -0.0617403  -0.05332812 -0.05168619 -0.04046901 -0.07580482 -0.03983628
 -0.06899651 -0.05089976 -0.05910837 -0.05375188 -0.04787235 -0.03777209
 -0.05397494 -0.04594792]
echo
BLEU
[0.14193575 0.18684476 0.17442001 0.15272368 0.17824397 0.16795149
 0.16745696 0.12624463 0.16698091 0.18303158 0.16663279 0.17424295
 0.15080621 0.13691936 0.14462885 0.20041249 0.16611533 0.18270493
 0.18622222 0.17716543 0.14728128 0.15330204 0.17944301 0.15774964
 0.1533321  0.14764516 0.12755105 0.14619491 0.1583241  0.14303083
 0.1556345  0.16686341 0.19651463 0.17823292 0.16418543 0.175655
 0.16024237 0.19106493 0.18412114 0.15476402 0.13617888 0.13315654
 0.16300803 0.15552265 0.16534963 0.15980435 0.15291158 0.19142845
 0.19629596 0.14623605 0.15196436 0.12940094 0.15521067 0.15753996
 0.14616948 0.14443856 0.16434762 0.17017384 0.14892273 0.17247865
 0.16621433 0.16590414 0.18535961 0.14273319 0.15445657 0.1743128
 0.14958716 0.16253295 0.15825442 0.19290362 0.1551329  0.18476406
 0.18685616 0.151896   0.1777005  0.16762455 0.14227678 0.12445466
 0.1602071  0.21242931 0.15921593 0.15186858 0.19025587 0.13247249
 0.14596874 0.17069687 0.19655363 0.12937157 0.1541239  0.14030704
 0.10966383 0.15031604 0.15730624 0.14987984 0.19507659 0.16166086
 0.11724168 0.1426726  0.16692837 0.16380411 0.19096632 0.13748819
 0.15074531 0.17920539 0.12089692 0.21034776 0.13802484 0.10038548
 0.17235571 0.14827618 0.16952389 0.14605285 0.15557374 0.13120405
 0.19464658 0.14085791 0.14460452 0.13832044 0.14956272 0.1615219
 0.2033023  0.15247175 0.14895413 0.11612241 0.17494115 0.11970259
 0.16706611 0.13859277 0.14424821 0.13818295 0.13239725 0.13657239
 0.16189566 0.14967917 0.17334332 0.15719539 0.17371254 0.17288634
 0.18205929 0.12288195 0.17497844 0.17728357 0.16644308 0.16628725
 0.14614375 0.16739795 0.12378705 0.1656683  0.14737686 0.17603259
 0.15083719 0.11362054 0.16496611 0.14238964 0.17662666 0.13261486
 0.15279147 0.18210629 0.21630273 0.14341999 0.1354812  0.14858272
 0.13248313 0.1603893  0.14486416 0.18382343 0.17640986 0.17107142
 0.15120536 0.16276999 0.13124056 0.15415563 0.15416736 0.15799633
 0.13305847 0.18375421 0.16006322 0.15748256 0.15201546 0.13800479
 0.16480534 0.15774604 0.16355079 0.16858753 0.1446275  0.12002657
 0.17061868 0.14844557 0.15858049 0.1682636  0.12676302 0.1757329
 0.16246223 0.16249242 0.15302224 0.14063211 0.17975632 0.19582236
 0.16055401 0.14613071]
echo
METEOR
[0.10050854 0.12140223 0.11225586 0.09522094 0.11440777 0.10528616
 0.11077602 0.08538753 0.11545382 0.11537145 0.11234577 0.11823344
 0.09749541 0.10204069 0.11099934 0.1708675  0.11292945 0.11909449
 0.11458552 0.11736864 0.09514803 0.09862646 0.12517572 0.09631266
 0.10026074 0.09919963 0.09230479 0.10472494 0.11733025 0.12230489
 0.10018628 0.10378372 0.12286707 0.11646725 0.10796535 0.12423456
 0.12398284 0.12898991 0.11367044 0.10584181 0.09976696 0.08980072
 0.11397135 0.10298667 0.11666099 0.12673902 0.09597846 0.1137711
 0.12826606 0.09490774 0.10165732 0.08674442 0.09888738 0.10862312
 0.08831699 0.09177086 0.11812586 0.1248555  0.09554322 0.1022301
 0.1184876  0.11063776 0.12177599 0.08927693 0.11173902 0.10313994
 0.09826246 0.10645992 0.11070884 0.12065356 0.12327338 0.10990164
 0.12253805 0.10158603 0.11608962 0.10893382 0.09333365 0.08920935
 0.10840304 0.12990177 0.10294225 0.10259942 0.13718353 0.10151735
 0.10097901 0.11046275 0.11773549 0.07675201 0.10486414 0.10321311
 0.0885758  0.09288416 0.09870979 0.09539321 0.12443375 0.10238414
 0.07109431 0.09142299 0.11472219 0.12747165 0.12422176 0.09052549
 0.09620845 0.12835083 0.09018535 0.15462884 0.0941193  0.07147446
 0.10697449 0.10150782 0.10556883 0.10147317 0.09675189 0.0819187
 0.1212416  0.09748303 0.09791632 0.08846848 0.10059853 0.10206769
 0.11950738 0.11611131 0.10821585 0.07595181 0.12480798 0.07918037
 0.12055719 0.10432394 0.09412922 0.09074563 0.08827175 0.09211232
 0.10841865 0.10248852 0.11845291 0.09230738 0.11070236 0.1128794
 0.1157742  0.08387664 0.11837632 0.1373477  0.11036656 0.12032169
 0.10166336 0.10718474 0.09948068 0.11354039 0.09618392 0.12177531
 0.09562372 0.0854902  0.12589921 0.09479213 0.10609086 0.09291387
 0.09579911 0.1229764  0.12801306 0.10611454 0.09113612 0.09928655
 0.09195187 0.10943659 0.09167876 0.11461974 0.12663579 0.11119614
 0.10572488 0.10162659 0.10191278 0.11345352 0.0988727  0.09032422
 0.10302082 0.12386282 0.10300688 0.11050257 0.10293755 0.09549848
 0.10438446 0.11919958 0.11698443 0.12107492 0.08910354 0.09020085
 0.1084568  0.09341677 0.10092113 0.11346062 0.09374162 0.11893868
 0.12157004 0.10693772 0.09963256 0.10964865 0.12449598 0.11685348
 0.10391598 0.0997324 ]
echo
BERT
[0.7807023  0.77793294 0.7849206  0.78088474 0.7833491  0.78079057
 0.7794604  0.78591704 0.781971   0.78295106 0.7800938  0.7773254
 0.7825166  0.7799249  0.78002495 0.78048974 0.7799578  0.7852399
 0.78307974 0.7841717  0.7823825  0.7822466  0.7794797  0.78244895
 0.7800531  0.7825505  0.78708404 0.77813405 0.7799281  0.77890235
 0.78317523 0.7791309  0.782881   0.7789639  0.7784158  0.780715
 0.7860852  0.7863557  0.7821541  0.78084385 0.7827016  0.782009
 0.7794937  0.78222585 0.7811052  0.7798615  0.78190196 0.782702
 0.7823266  0.7780001  0.781084   0.77605766 0.78332853 0.7824866
 0.78221875 0.7756036  0.7827837  0.7818967  0.778418   0.7820763
 0.7804962  0.7810545  0.78523225 0.7785159  0.7770414  0.78024286
 0.779965   0.7800354  0.78006536 0.783769   0.777666   0.782719
 0.78187644 0.7802581  0.78210485 0.7773578  0.78053796 0.7807496
 0.78186834 0.7833169  0.7821771  0.78318155 0.7828635  0.77684116
 0.7808557  0.78288704 0.7814525  0.77898926 0.7791249  0.77604795
 0.7784438  0.7821886  0.7807327  0.7800317  0.78607315 0.779367
 0.7771817  0.78186136 0.7847779  0.78836876 0.7840588  0.78129613
 0.77773374 0.7819861  0.7788967  0.78261036 0.78301555 0.7765167
 0.78293264 0.77965707 0.78121185 0.78349835 0.78124547 0.7783423
 0.78019917 0.7809918  0.7777234  0.7831195  0.77980363 0.77958256
 0.7802538  0.7821252  0.78099376 0.78100085 0.7825282  0.7806357
 0.7876572  0.781218   0.77917546 0.77916235 0.7829918  0.7800673
 0.7797383  0.7801062  0.7848078  0.78309876 0.78566474 0.7795478
 0.78329116 0.78106374 0.78447586 0.78063834 0.782713   0.7810727
 0.7805305  0.780121   0.7785218  0.7792363  0.78285813 0.7808795
 0.7779525  0.77840126 0.78308266 0.77855885 0.7822841  0.7828427
 0.78011036 0.77977586 0.77973074 0.7795183  0.77905786 0.7821861
 0.77785665 0.7841422  0.78108716 0.78093004 0.7818808  0.77929807
 0.7822072  0.7832902  0.78096604 0.78334177 0.78347594 0.7826168
 0.77965903 0.78628606 0.7829512  0.7844341  0.7833711  0.78203183
 0.7844175  0.78164774 0.7818075  0.7841188  0.7796007  0.778432
 0.7800788  0.78262776 0.7828384  0.78318244 0.7814815  0.78882587
 0.78651315 0.7803155  0.78259957 0.7815089  0.78456616 0.7823264
 0.78345543 0.78020215]
